Archive member included to satisfy reference by file (symbol)

c:/nxp/lpcxpresso_8.2.2_650/lpcxpresso/tools/bin/../lib/gcc/arm-none-eabi/5.4.1/../../../../arm-none-eabi/lib/armv7-m\libcr_semihost.a(_cr__main.o)
                              ./src/FW_Drivers/cr_startup_lpc176x.o (__main)
c:/nxp/lpcxpresso_8.2.2_650/lpcxpresso/tools/bin/../lib/gcc/arm-none-eabi/5.4.1/../../../../arm-none-eabi/lib/armv7-m\libcr_c.a(initio.o)
                              c:/nxp/lpcxpresso_8.2.2_650/lpcxpresso/tools/bin/../lib/gcc/arm-none-eabi/5.4.1/../../../../arm-none-eabi/lib/armv7-m\libcr_semihost.a(_cr__main.o) (_initio)
c:/nxp/lpcxpresso_8.2.2_650/lpcxpresso/tools/bin/../lib/gcc/arm-none-eabi/5.4.1/../../../../arm-none-eabi/lib/armv7-m\libcr_c.a(setvbuf.o)
                              c:/nxp/lpcxpresso_8.2.2_650/lpcxpresso/tools/bin/../lib/gcc/arm-none-eabi/5.4.1/../../../../arm-none-eabi/lib/armv7-m\libcr_c.a(initio.o) (setvbuf)
c:/nxp/lpcxpresso_8.2.2_650/lpcxpresso/tools/bin/../lib/gcc/arm-none-eabi/5.4.1/../../../../arm-none-eabi/lib/armv7-m\libcr_c.a(stdio.o)
                              c:/nxp/lpcxpresso_8.2.2_650/lpcxpresso/tools/bin/../lib/gcc/arm-none-eabi/5.4.1/../../../../arm-none-eabi/lib/armv7-m\libcr_c.a(initio.o) (__Ciob)
c:/nxp/lpcxpresso_8.2.2_650/lpcxpresso/tools/bin/../lib/gcc/arm-none-eabi/5.4.1/../../../../arm-none-eabi/lib/armv7-m\libcr_c.a(strcpy.o)
                              ./src/IntegradorMayo16.o (strcpy)
c:/nxp/lpcxpresso_8.2.2_650/lpcxpresso/tools/bin/../lib/gcc/arm-none-eabi/5.4.1/../../../../arm-none-eabi/lib/armv7-m\libcr_c.a(memset.o)
                              c:/nxp/lpcxpresso_8.2.2_650/lpcxpresso/tools/bin/../lib/gcc/arm-none-eabi/5.4.1/../../../../arm-none-eabi/lib/armv7-m\libcr_c.a(initio.o) (memset)
c:/nxp/lpcxpresso_8.2.2_650/lpcxpresso/tools/bin/../lib/gcc/arm-none-eabi/5.4.1/../../../../arm-none-eabi/lib/armv7-m\libcr_c.a(__fillbuf.o)
                              c:/nxp/lpcxpresso_8.2.2_650/lpcxpresso/tools/bin/../lib/gcc/arm-none-eabi/5.4.1/../../../../arm-none-eabi/lib/armv7-m\libcr_c.a(stdio.o) (__filbuf)
c:/nxp/lpcxpresso_8.2.2_650/lpcxpresso/tools/bin/../lib/gcc/arm-none-eabi/5.4.1/../../../../arm-none-eabi/lib/armv7-m\libcr_c.a(_deferredlazyseek.o)
                              c:/nxp/lpcxpresso_8.2.2_650/lpcxpresso/tools/bin/../lib/gcc/arm-none-eabi/5.4.1/../../../../arm-none-eabi/lib/armv7-m\libcr_c.a(__fillbuf.o) (_deferredlazyseek)
c:/nxp/lpcxpresso_8.2.2_650/lpcxpresso/tools/bin/../lib/gcc/arm-none-eabi/5.4.1/../../../../arm-none-eabi/lib/armv7-m\libcr_c.a(_fdopen.o)
                              c:/nxp/lpcxpresso_8.2.2_650/lpcxpresso/tools/bin/../lib/gcc/arm-none-eabi/5.4.1/../../../../arm-none-eabi/lib/armv7-m\libcr_c.a(initio.o) (_fdopen)
c:/nxp/lpcxpresso_8.2.2_650/lpcxpresso/tools/bin/../lib/gcc/arm-none-eabi/5.4.1/../../../../arm-none-eabi/lib/armv7-m\libcr_c.a(_fflush.o)
                              c:/nxp/lpcxpresso_8.2.2_650/lpcxpresso/tools/bin/../lib/gcc/arm-none-eabi/5.4.1/../../../../arm-none-eabi/lib/armv7-m\libcr_c.a(__fillbuf.o) (_fflush)
c:/nxp/lpcxpresso_8.2.2_650/lpcxpresso/tools/bin/../lib/gcc/arm-none-eabi/5.4.1/../../../../arm-none-eabi/lib/armv7-m\libcr_c.a(_writebuf.o)
                              c:/nxp/lpcxpresso_8.2.2_650/lpcxpresso/tools/bin/../lib/gcc/arm-none-eabi/5.4.1/../../../../arm-none-eabi/lib/armv7-m\libcr_c.a(_deferredlazyseek.o) (_Cwritebuf)
c:/nxp/lpcxpresso_8.2.2_650/lpcxpresso/tools/bin/../lib/gcc/arm-none-eabi/5.4.1/../../../../arm-none-eabi/lib/armv7-m\libcr_c.a(alloc.o)
                              c:/nxp/lpcxpresso_8.2.2_650/lpcxpresso/tools/bin/../lib/gcc/arm-none-eabi/5.4.1/../../../../arm-none-eabi/lib/armv7-m\libcr_c.a(initio.o) (_Csys_alloc)
c:/nxp/lpcxpresso_8.2.2_650/lpcxpresso/tools/bin/../lib/gcc/arm-none-eabi/5.4.1/../../../../arm-none-eabi/lib/armv7-m\libcr_c.a(fclose.o)
                              c:/nxp/lpcxpresso_8.2.2_650/lpcxpresso/tools/bin/../lib/gcc/arm-none-eabi/5.4.1/../../../../arm-none-eabi/lib/armv7-m\libcr_c.a(initio.o) (fclose)
c:/nxp/lpcxpresso_8.2.2_650/lpcxpresso/tools/bin/../lib/gcc/arm-none-eabi/5.4.1/../../../../arm-none-eabi/lib/armv7-m\libcr_c.a(fflush.o)
                              c:/nxp/lpcxpresso_8.2.2_650/lpcxpresso/tools/bin/../lib/gcc/arm-none-eabi/5.4.1/../../../../arm-none-eabi/lib/armv7-m\libcr_c.a(fclose.o) (fflush)
c:/nxp/lpcxpresso_8.2.2_650/lpcxpresso/tools/bin/../lib/gcc/arm-none-eabi/5.4.1/../../../../arm-none-eabi/lib/armv7-m\libcr_c.a(fseek.o)
                              c:/nxp/lpcxpresso_8.2.2_650/lpcxpresso/tools/bin/../lib/gcc/arm-none-eabi/5.4.1/../../../../arm-none-eabi/lib/armv7-m\libcr_c.a(_deferredlazyseek.o) (fseek)
c:/nxp/lpcxpresso_8.2.2_650/lpcxpresso/tools/bin/../lib/gcc/arm-none-eabi/5.4.1/../../../../arm-none-eabi/lib/armv7-m\libcr_c.a(ftell.o)
                              c:/nxp/lpcxpresso_8.2.2_650/lpcxpresso/tools/bin/../lib/gcc/arm-none-eabi/5.4.1/../../../../arm-none-eabi/lib/armv7-m\libcr_c.a(fseek.o) (ftell)
[...]
Memory Configuration

Name             Origin             Length             Attributes
MFlash512        0x00000000         0x00080000         xr
RamLoc32         0x10000000         0x00008000         xrw
RamAHB32         0x2007c000         0x00008000         xrw
*default*        0x00000000         0xffffffff

Linker script and memory map

LOAD ./src/FW_Inicializaciones/FW_InitExpansion2.o
LOAD ./src/FW_Inicializaciones/FW_InitGPIOBaseBoard.o
LOAD ./src/FW_Inicializaciones/FW_InitKit_principal.o
LOAD ./src/FW_Inicializaciones/FW_InitOscilador.o
LOAD ./src/FW_Inicializaciones/crp.o
LOAD ./src/FW_Drivers/FW_7Seg.o
LOAD ./src/FW_Drivers/FW_GPIO.o
LOAD ./src/FW_Drivers/FW_LCD.o
LOAD ./src/FW_Drivers/FW_Systick.o
LOAD ./src/FW_Drivers/FW_Timers.o
LOAD ./src/FW_Drivers/KitInfo2FW_Teclado.o
LOAD ./src/FW_Drivers/PR_7Seg.o
LOAD ./src/FW_Drivers/cr_startup_lpc176x.o
LOAD ./src/IntegradorMayo16.o
LOAD ./src/ff.o
LOAD ./src/ffsystem.o
LOAD ./src/ffunicode.o
LOAD ./src/mmc_ssp.o
LOAD ./src/rtc176x.o
LOAD ./src/sound.o
LOAD ./src/startup176x.o
LOAD ./src/uart176x.o
LOAD ./src/xprintf.o
START GROUP
LOAD c:/nxp/lpcxpresso_8.2.2_650/lpcxpresso/tools/bin/../lib/gcc/arm-none-eabi/5.4.1/../../../../arm-none-eabi/lib/armv7-m\libcr_semihost.a
LOAD c:/nxp/lpcxpresso_8.2.2_650/lpcxpresso/tools/bin/../lib/gcc/arm-none-eabi/5.4.1/../../../../arm-none-eabi/lib/armv7-m\libcr_c.a
LOAD c:/nxp/lpcxpresso_8.2.2_650/lpcxpresso/tools/bin/../lib/gcc/arm-none-eabi/5.4.1/armv7-m\libcr_eabihelpers.a
END GROUP
                0x00000000                __base_MFlash512 = 0x0
                0x00000000                __base_Flash = 0x0
                0x00080000                __top_MFlash512 = 0x80000
                0x00080000                __top_Flash = 0x80000
                0x10000000                __base_RamLoc32 = 0x10000000
                0x10000000                __base_RAM = 0x10000000
                0x10008000                __top_RamLoc32 = 0x10008000
                0x10008000                __top_RAM = 0x10008000
                0x2007c000                __base_RamAHB32 = 0x2007c000
                0x2007c000                __base_RAM2 = 0x2007c000
                0x20084000                __top_RamAHB32 = 0x20084000
                0x20084000                __top_RAM2 = 0x20084000

.text           0x00000000    0x144e4
 FILL mask 0xff
                0x00000000                __vectors_start__ = ABSOLUTE (.)
 *(.isr_vector)
 .isr_vector    0x00000000       0xcc ./src/FW_Drivers/cr_startup_lpc176x.o
                0x00000000                g_pfnVectors
                0x000000cc                . = ALIGN (0x4)
                0x000000cc                __section_table_start = .
                0x000000cc                __data_section_table = .
                0x000000cc        0x4 LONG 0x144e4 LOADADDR (.data)
                0x000000d0        0x4 LONG 0x10000000 ADDR (.data)
                0x000000d4        0x4 LONG 0x14 SIZEOF (.data)
                0x000000d8        0x4 LONG 0x144e4 LOADADDR (.data_RAM2)
                0x000000dc        0x4 LONG 0x2007c000 ADDR (.data_RAM2)
                0x000000e0        0x4 LONG 0x0 SIZEOF (.data_RAM2)
                0x000000e4                __data_section_table_end = .
                0x000000e4                __bss_section_table = .
                0x000000e4        0x4 LONG 0x10000014 ADDR (.bss)
                0x000000e8        0x4 LONG 0x14c8 SIZEOF (.bss)
                0x000000ec        0x4 LONG 0x2007c000 ADDR (.bss_RAM2)
                0x000000f0        0x4 LONG 0x0 SIZEOF (.bss_RAM2)
                0x000000f4                __bss_section_table_end = .
                0x000000f4                __section_table_end = .
 *(.after_vectors*)
 .after_vectors
                0x000000f4      0x140 ./src/FW_Drivers/cr_startup_lpc176x.o
                0x000000f4                data_init
                0x00000138                bss_init
                0x00000170                ResetISR
                0x000001e4                NMI_Handler
                0x000001ec                HardFault_Handler
                0x000001f4                MemManage_Handler
                0x000001fc                BusFault_Handler
                0x00000204                UsageFault_Handler
                0x0000020c                SVCall_Handler
                0x00000214                DebugMon_Handler
                0x0000021c                PendSV_Handler
                0x0000022c                EINT2_IRQHandler
                0x0000022c                UART1_IRQHandler
                0x0000022c                EINT3_IRQHandler
                0x0000022c                CANActivity_IRQHandler
                0x0000022c                PWM1_IRQHandler
                0x0000022c                USBActivity_IRQHandler
                0x0000022c                IntDefaultHandler
                0x0000022c                PLL0_IRQHandler
                0x0000022c                CAN_IRQHandler
                0x0000022c                I2C0_IRQHandler
                0x0000022c                SSP0_IRQHandler
                0x0000022c                I2C1_IRQHandler
                0x0000022c                I2C2_IRQHandler
                0x0000022c                RTC_IRQHandler
                0x0000022c                SPI_IRQHandler
                0x0000022c                RIT_IRQHandler
                0x0000022c                EINT1_IRQHandler
                0x0000022c                TIMER1_IRQHandler
                0x0000022c                UART2_IRQHandler
                0x0000022c                ADC_IRQHandler
                0x0000022c                SSP1_IRQHandler
                0x0000022c                USB_IRQHandler
                0x0000022c                BOD_IRQHandler
                0x0000022c                I2S_IRQHandler
                0x0000022c                WDT_IRQHandler
                0x0000022c                QEI_IRQHandler
                0x0000022c                EINT0_IRQHandler
                0x0000022c                TIMER2_IRQHandler
                0x0000022c                DMA_IRQHandler
                0x0000022c                PLL1_IRQHandler
                0x0000022c                UART3_IRQHandler
                0x0000022c                MCPWM_IRQHandler
                0x0000022c                ENET_IRQHandler
                0x000002fc                . = 0x2fc
 *fill*         0x00000234       0xc8 ff
                0x000002fc                PROVIDE (__CRP_WORD_START__, .)
 *(.crp)
 .crp           0x000002fc        0x4 ./src/FW_Inicializaciones/crp.o
                0x000002fc                CRP_WORD
                0x00000300                PROVIDE (__CRP_WORD_END__, .)
                0x00000001                ASSERT (! ((__CRP_WORD_START__ == __CRP_WORD_END__)), Linker CRP Enabled, but no CRP_WORD provided within application)
 *(.text*)
 .text.Inicializar_Display7s
                0x00000300      0x120 ./src/FW_Inicializaciones/FW_InitExpansion2.o
                0x00000300                Inicializar_Display7s
 .text.Inicializar_Relay
                0x00000420       0x78 ./src/FW_Inicializaciones/FW_InitGPIOBaseBoard.o
                0x00000420                Inicializar_Relay
 .text.Inicializar_Teclado
                0x00000498       0x8c ./src/FW_Inicializaciones/FW_InitKit_principal.o
                0x00000498                Inicializar_Teclado
 .text.Init_Dac
                0x00000524       0x44 ./src/FW_Inicializaciones/FW_InitKit_principal.o
                0x00000524                Init_Dac
 .text.InicSysTick
                0x00000568       0x40 ./src/FW_Inicializaciones/FW_InitKit_principal.o
                0x00000568                InicSysTick
 .text.InicTimer0
                0x000005a8       0xd8 ./src/FW_Inicializaciones/FW_InitKit_principal.o
                0x000005a8                InicTimer0
 .text.PrenderTimer0
                0x00000680       0x34 ./src/FW_Inicializaciones/FW_InitKit_principal.o
                0x00000680                PrenderTimer0
 .text.ApagarTimer0
                0x000006b4       0x28 ./src/FW_Inicializaciones/FW_InitKit_principal.o
                0x000006b4                ApagarTimer0
 .text.InicializarKit
                0x000006dc       0x78 ./src/FW_Inicializaciones/FW_InitKit_principal.o
                0x000006dc                InicializarKit
 .text.InicPLL  0x00000754      0x140 ./src/FW_Inicializaciones/FW_InitOscilador.o
                0x00000754                InicPLL
 .text.BarridoDisplay
                0x00000894      0x1a0 ./src/FW_Drivers/FW_7Seg.o
                0x00000894                BarridoDisplay
 .text.Write_Dac
                0x00000a34       0x24 ./src/FW_Drivers/FW_GPIO.o
                0x00000a34                Write_Dac
 .text.SetPINSEL
                0x00000a58       0x88 ./src/FW_Drivers/FW_GPIO.o
                0x00000a58                SetPINSEL
 .text.SetPINMODE
                0x00000ae0       0x7c ./src/FW_Drivers/FW_GPIO.o
                0x00000ae0                SetPINMODE
 .text.SetDIR   0x00000b5c       0x70 ./src/FW_Drivers/FW_GPIO.o
                0x00000b5c                SetDIR
 .text.SetPIN   0x00000bcc       0x74 ./src/FW_Drivers/FW_GPIO.o
                0x00000bcc                SetPIN
 .text.GetPIN   0x00000c40       0x4c ./src/FW_Drivers/FW_GPIO.o
                0x00000c40                GetPIN
 .text.SetMODE_OD
                0x00000c8c       0x60 ./src/FW_Drivers/FW_GPIO.o
                0x00000c8c                SetMODE_OD
 .text.LCDWaitLong
                0x00000cec       0x40 ./src/FW_Drivers/FW_LCD.o
                0x00000cec                LCDWaitLong
 .text.LCDWaitShort
                0x00000d2c       0x40 ./src/FW_Drivers/FW_LCD.o
                0x00000d2c                LCDWaitShort
 .text.LCDDelay
                0x00000d6c       0x28 ./src/FW_Drivers/FW_LCD.o
                0x00000d6c                LCDDelay
 .text.LatchLcd
                0x00000d94       0x34 ./src/FW_Drivers/FW_LCD.o
                0x00000d94                LatchLcd
 .text.Inic_PinesLCD
                0x00000dc8       0xf8 ./src/FW_Drivers/FW_LCD.o
                0x00000dc8                Inic_PinesLCD
 .text.WComando8
                0x00000ec0       0xd8 ./src/FW_Drivers/FW_LCD.o
                0x00000ec0                WComando8
 .text.WComando4
                0x00000f98       0x78 ./src/FW_Drivers/FW_LCD.o
                0x00000f98                WComando4
 .text.WDato    0x00001010       0xd8 ./src/FW_Drivers/FW_LCD.o
                0x00001010                WDato
 .text.WString  0x000010e8       0x28 ./src/FW_Drivers/FW_LCD.o
                0x000010e8                WString
 .text.Inic_LCD
                0x00001110       0x80 ./src/FW_Drivers/FW_LCD.o
                0x00001110                Inic_LCD
 .text.SysTick_Handler
                0x00001190       0x98 ./src/FW_Drivers/FW_Systick.o
                0x00001190                SysTick_Handler
 .text.TIMER0_IRQHandler
                0x00001228       0xe4 ./src/FW_Drivers/FW_Timers.o
                0x00001228                TIMER0_IRQHandler
 .text.AnteriorTema
                0x0000130c       0xd4 ./src/FW_Drivers/FW_Timers.o
                0x0000130c                AnteriorTema
 .text.SiguienteTema
                0x000013e0       0xd4 ./src/FW_Drivers/FW_Timers.o
                0x000013e0                SiguienteTema
 .text.ArrancarReproduccion
                0x000014b4       0x30 ./src/FW_Drivers/FW_Timers.o
                0x000014b4                ArrancarReproduccion
 .text.PausarReproduccion
                0x000014e4       0x38 ./src/FW_Drivers/FW_Timers.o
                0x000014e4                PausarReproduccion
 .text.getkey   0x0000151c       0x24 ./src/FW_Drivers/KitInfo2FW_Teclado.o
                0x0000151c                getkey
 .text.DriverTeclado
                0x00001540       0x20 ./src/FW_Drivers/KitInfo2FW_Teclado.o
                0x00001540                DriverTeclado
 .text.TecladoSW
                0x00001560       0xc0 ./src/FW_Drivers/KitInfo2FW_Teclado.o
                0x00001560                TecladoSW
 .text.TecladoHW
                0x00001620       0x78 ./src/FW_Drivers/KitInfo2FW_Teclado.o
                0x00001620                TecladoHW
 .text.Display  0x00001698       0xd8 ./src/FW_Drivers/PR_7Seg.o
                0x00001698                Display
 .text.FileList_Fill
                0x00001770       0x64 ./src/IntegradorMayo16.o
                0x00001770                FileList_Fill
 .text.main     0x000017d4      0x1dc ./src/IntegradorMayo16.o
                0x000017d4                main
 .text.ld_word  0x000019b0       0x30 ./src/ff.o
 .text.ld_dword
                0x000019e0       0x44 ./src/ff.o
 .text.st_word  0x00001a24       0x34 ./src/ff.o
 .text.st_dword
                0x00001a58       0x58 ./src/ff.o
 .text.mem_cpy  0x00001ab0       0x40 ./src/ff.o
 .text.mem_set  0x00001af0       0x34 ./src/ff.o
 .text.mem_cmp  0x00001b24       0x4c ./src/ff.o
 .text.chk_chr  0x00001b70       0x34 ./src/ff.o
 .text.dbc_1st  0x00001ba4       0x40 ./src/ff.o
 .text.dbc_2nd  0x00001be4       0x54 ./src/ff.o
 .text.tchar2uni
                0x00001c38       0x8c ./src/ff.o
 .text.put_utf  0x00001cc4       0x70 ./src/ff.o
 .text.sync_window
                0x00001d34       0x78 ./src/ff.o
 .text.move_window
                0x00001dac       0x5c ./src/ff.o
 .text.clst2sect
                0x00001e08       0x3c ./src/ff.o
 .text.get_fat  0x00001e44      0x14c ./src/ff.o
 .text.put_fat  0x00001f90      0x1d4 ./src/ff.o
 .text.remove_chain
                0x00002164       0xcc ./src/ff.o
 .text.create_chain
                0x00002230      0x1a4 ./src/ff.o
 .text.dir_clear
                0x000023d4       0x90 ./src/ff.o
 .text.dir_sdi  0x00002464       0xf8 ./src/ff.o
 .text.dir_next
                0x0000255c      0x128 ./src/ff.o
 .text.dir_alloc
                0x00002684       0x90 ./src/ff.o
 .text.ld_clust
                0x00002714       0x40 ./src/ff.o
 .text.st_clust
                0x00002754       0x40 ./src/ff.o
 .text.cmp_lfn  0x00002794       0xdc ./src/ff.o
 .text.pick_lfn
                0x00002870       0xc8 ./src/ff.o
 .text.put_lfn  0x00002938       0xd0 ./src/ff.o
 .text.gen_numname
                0x00002a08      0x144 ./src/ff.o
 .text.sum_sfn  0x00002b4c       0x40 ./src/ff.o
 .text.dir_read
                0x00002b8c      0x150 ./src/ff.o
 .text.dir_find
                0x00002cdc      0x180 ./src/ff.o
 .text.dir_register
                0x00002e5c      0x1f0 ./src/ff.o
 .text.get_fileinfo
                0x0000304c      0x22c ./src/ff.o
 .text.create_name
                0x00003278      0x430 ./src/ff.o
 .text.follow_path
                0x000036a8      0x11c ./src/ff.o
 .text.get_ldnumber
                0x000037c4       0x90 ./src/ff.o
 .text.check_fs
                0x00003854       0xac ./src/ff.o
 .text.find_volume
                0x00003900      0x4c0 ./src/ff.o
 .text.validate
                0x00003dc0       0x6c ./src/ff.o
 .text.f_mount  0x00003e2c       0x80 ./src/ff.o
                0x00003e2c                f_mount
 .text.f_open   0x00003eac      0x2f4 ./src/ff.o
                0x00003eac                f_open
 .text.f_read   0x000041a0      0x268 ./src/ff.o
                0x000041a0                f_read
 .text.f_opendir
                0x00004408       0xb4 ./src/ff.o
                0x00004408                f_opendir
 .text.f_readdir
                0x000044bc       0x7c ./src/ff.o
                0x000044bc                f_readdir
 .text.ff_uni2oem
                0x00004538       0xb0 ./src/ffunicode.o
                0x00004538                ff_uni2oem
 .text.ff_oem2uni
                0x000045e8       0xa8 ./src/ffunicode.o
                0x000045e8                ff_oem2uni
 .text.ff_wtoupper
                0x00004690      0x120 ./src/ffunicode.o
                0x00004690                ff_wtoupper
 .text.xchg_spi
                0x000047b0       0x38 ./src/mmc_ssp.o
 .text.rcvr_spi_multi
                0x000047e8       0xe4 ./src/mmc_ssp.o
 .text.xmit_spi_multi
                0x000048cc       0xe4 ./src/mmc_ssp.o
 .text.wait_ready
                0x000049b0       0x40 ./src/mmc_ssp.o
 .text.deselect
                0x000049f0       0x18 ./src/mmc_ssp.o
 .text.select   0x00004a08       0x30 ./src/mmc_ssp.o
 .text.power_on
                0x00004a38       0xb0 ./src/mmc_ssp.o
 .text.power_off
                0x00004ae8       0x10 ./src/mmc_ssp.o
 .text.rcvr_datablock
                0x00004af8       0x54 ./src/mmc_ssp.o
 .text.xmit_datablock
                0x00004b4c       0x68 ./src/mmc_ssp.o
 .text.send_cmd
                0x00004bb4       0xe0 ./src/mmc_ssp.o
 .text.disk_initialize
                0x00004c94      0x1b4 ./src/mmc_ssp.o
                0x00004c94                disk_initialize
 .text.disk_status
                0x00004e48       0x28 ./src/mmc_ssp.o
                0x00004e48                disk_status
 .text.disk_read
                0x00004e70       0xb8 ./src/mmc_ssp.o
                0x00004e70                disk_read
 .text.disk_write
                0x00004f28       0xf8 ./src/mmc_ssp.o
                0x00004f28                disk_write
 .text.disk_timerproc
                0x00005020       0x68 ./src/mmc_ssp.o
                0x00005020                disk_timerproc
 .text.TIMER3_IRQHandler
                0x00005088      0x1ac ./src/sound.o
                0x00005088                TIMER3_IRQHandler
 .text.UART0_IRQHandler
                0x00005234      0x12c ./src/uart176x.o
                0x00005234                UART0_IRQHandler
 .text.__main   0x00005360       0x14 c:/nxp/lpcxpresso_8.2.2_650/lpcxpresso/tools/bin/../lib/gcc/arm-none-eabi/5.4.1/../../../../arm-none-eabi/lib/armv7-m\libcr_semihost.a(_cr__main.o)
                0x00005360                __CR_SEMIHOST
                0x00005360                __main
 .text._initio  0x00005374       0xa4 c:/nxp/lpcxpresso_8.2.2_650/lpcxpresso/tools/bin/../lib/gcc/arm-none-eabi/5.4.1/../../../../arm-none-eabi/lib/armv7-m\libcr_c.a(initio.o)
                0x00005374                _initio
 .text.setvbuf  0x00005418       0x40 c:/nxp/lpcxpresso_8.2.2_650/lpcxpresso/tools/bin/../lib/gcc/arm-none-eabi/5.4.1/../../../../arm-none-eabi/lib/armv7-m\libcr_c.a(setvbuf.o)
                0x00005418                setvbuf
 .text.strcpy   0x00005458       0x42 c:/nxp/lpcxpresso_8.2.2_650/lpcxpresso/tools/bin/../lib/gcc/arm-none-eabi/5.4.1/../../../../arm-none-eabi/lib/armv7-m\libcr_c.a(strcpy.o)
                0x00005458                strcpy
 .text.memset   0x0000549a        0x4 c:/nxp/lpcxpresso_8.2.2_650/lpcxpresso/tools/bin/../lib/gcc/arm-none-eabi/5.4.1/../../../../arm-none-eabi/lib/armv7-m\libcr_c.a(memset.o)
                0x0000549a                memset
 .text._deferredlazyseek
                0x0000549e       0x44 c:/nxp/lpcxpresso_8.2.2_650/lpcxpresso/tools/bin/../lib/gcc/arm-none-eabi/5.4.1/../../../../arm-none-eabi/lib/armv7-m\libcr_c.a(_deferredlazyseek.o)
                0x0000549e                _deferredlazyseek
 .text._fdopen  0x000054e2       0x6a c:/nxp/lpcxpresso_8.2.2_650/lpcxpresso/tools/bin/../lib/gcc/arm-none-eabi/5.4.1/../../../../arm-none-eabi/lib/armv7-m\libcr_c.a(_fdopen.o)
                0x000054e2                _fdopen
 .text._fflush  0x0000554c       0x58 c:/nxp/lpcxpresso_8.2.2_650/lpcxpresso/tools/bin/../lib/gcc/arm-none-eabi/5.4.1/../../../../arm-none-eabi/lib/armv7-m\libcr_c.a(_fflush.o)
                0x0000554c                _fflush
 .text._Cwritebuf
                0x000055a4       0x68 c:/nxp/lpcxpresso_8.2.2_650/lpcxpresso/tools/bin/../lib/gcc/arm-none-eabi/5.4.1/../../../../arm-none-eabi/lib/armv7-m\libcr_c.a(_writebuf.o)
                0x000055a4                _Cwritebuf
 .text.malloc   0x0000560c       0xc8 c:/nxp/lpcxpresso_8.2.2_650/lpcxpresso/tools/bin/../lib/gcc/arm-none-eabi/5.4.1/../../../../arm-none-eabi/lib/armv7-m\libcr_c.a(alloc.o)
                0x0000560c                malloc
 .text.free     0x000056d4       0x30 c:/nxp/lpcxpresso_8.2.2_650/lpcxpresso/tools/bin/../lib/gcc/arm-none-eabi/5.4.1/../../../../arm-none-eabi/lib/armv7-m\libcr_c.a(alloc.o)
                0x000056d4                free
 .text._Csys_alloc
                0x00005704       0x20 c:/nxp/lpcxpresso_8.2.2_650/lpcxpresso/tools/bin/../lib/gcc/arm-none-eabi/5.4.1/../../../../arm-none-eabi/lib/armv7-m\libcr_c.a(alloc.o)
                0x00005704                _Csys_alloc
 .text.fclose   0x00005724       0x6c c:/nxp/lpcxpresso_8.2.2_650/lpcxpresso/tools/bin/../lib/gcc/arm-none-eabi/5.4.1/../../../../arm-none-eabi/lib/armv7-m\libcr_c.a(fclose.o)
                0x00005724                fclose
 .text.fflush   0x00005790       0x30 c:/nxp/lpcxpresso_8.2.2_650/lpcxpresso/tools/bin/../lib/gcc/arm-none-eabi/5.4.1/../../../../arm-none-eabi/lib/armv7-m\libcr_c.a(fflush.o)
                0x00005790                fflush
 .text.fseek    0x000057c0      0x110 c:/nxp/lpcxpresso_8.2.2_650/lpcxpresso/tools/bin/../lib/gcc/arm-none-eabi/5.4.1/../../../../arm-none-eabi/lib/armv7-m\libcr_c.a(fseek.o)
                0x000057c0                fseek
 .text.ftell    0x000058d0       0x4c c:/nxp/lpcxpresso_8.2.2_650/lpcxpresso/tools/bin/../lib/gcc/arm-none-eabi/5.4.1/../../../../arm-none-eabi/lib/armv7-m\libcr_c.a(ftell.o)
                0x000058d0                ftell
 .text.remove   0x0000591c       0x14 c:/nxp/lpcxpresso_8.2.2_650/lpcxpresso/tools/bin/../lib/gcc/arm-none-eabi/5.4.1/../../../../arm-none-eabi/lib/armv7-m\libcr_c.a(remove.o)
                0x0000591c                remove
 .text.strlen   0x00005930       0x4a c:/nxp/lpcxpresso_8.2.2_650/lpcxpresso/tools/bin/../lib/gcc/arm-none-eabi/5.4.1/../../../../arm-none-eabi/lib/armv7-m\libcr_c.a(strlen.o)
                0x00005930                strlen
 *fill*         0x0000597a        0x2 ff
 .text._sbrk    0x0000597c       0x40 c:/nxp/lpcxpresso_8.2.2_650/lpcxpresso/tools/bin/../lib/gcc/arm-none-eabi/5.4.1/../../../../arm-none-eabi/lib/armv7-m\libcr_c.a(_cr_sbrk.o)
                0x0000597c                _sbrk
 .text._do_fflush
                0x000059bc       0x44 c:/nxp/lpcxpresso_8.2.2_650/lpcxpresso/tools/bin/../lib/gcc/arm-none-eabi/5.4.1/../../../../arm-none-eabi/lib/armv7-m\libcr_c.a(_do_fflush.o)
                0x000059bc                _do_fflush
 .text.__check_heap_overflow
                0x00005a00       0x18 c:/nxp/lpcxpresso_8.2.2_650/lpcxpresso/tools/bin/../lib/gcc/arm-none-eabi/5.4.1/../../../../arm-none-eabi/lib/armv7-m\libcr_c.a(_cr_check_heap.o)
                0x00005a00                __check_heap_overflow
 .text.__aeabi_memset_lowlevel
                0x00005a18       0x32 c:/nxp/lpcxpresso_8.2.2_650/lpcxpresso/tools/bin/../lib/gcc/arm-none-eabi/5.4.1/armv7-m\libcr_eabihelpers.a(memcpy.o)
                0x00005a18                __aeabi_lowlevel_memset
 *fill*         0x00005a4a        0x2 ff
 .text.__sys_appexit
                0x00005a4c        0xc c:/nxp/lpcxpresso_8.2.2_650/lpcxpresso/tools/bin/../lib/gcc/arm-none-eabi/5.4.1/../../../../arm-none-eabi/lib/armv7-m\libcr_semihost.a(__sys_appexit.o)
                0x00005a4c                __sys_appexit
                0x00005a4c                __exit
 .text.__sys_close
                0x00005a58        0xc c:/nxp/lpcxpresso_8.2.2_650/lpcxpresso/tools/bin/../lib/gcc/arm-none-eabi/5.4.1/../../../../arm-none-eabi/lib/armv7-m\libcr_semihost.a(__sys_close.o)
                0x00005a58                __sys_close
 .text.__sys_flen
                0x00005a64        0xc c:/nxp/lpcxpresso_8.2.2_650/lpcxpresso/tools/bin/../lib/gcc/arm-none-eabi/5.4.1/../../../../arm-none-eabi/lib/armv7-m\libcr_semihost.a(__sys_flen.o)
                0x00005a64                __sys_flen
 .text.__sys_istty
                0x00005a70        0xc c:/nxp/lpcxpresso_8.2.2_650/lpcxpresso/tools/bin/../lib/gcc/arm-none-eabi/5.4.1/../../../../arm-none-eabi/lib/armv7-m\libcr_semihost.a(__sys_istty.o)
                0x00005a70                __sys_istty
 .text.__sys_remove
                0x00005a7c        0xc c:/nxp/lpcxpresso_8.2.2_650/lpcxpresso/tools/bin/../lib/gcc/arm-none-eabi/5.4.1/../../../../arm-none-eabi/lib/armv7-m\libcr_semihost.a(__sys_remove.o)
                0x00005a7c                __sys_remove
 .text.__sys_seek
                0x00005a88        0xc c:/nxp/lpcxpresso_8.2.2_650/lpcxpresso/tools/bin/../lib/gcc/arm-none-eabi/5.4.1/../../../../arm-none-eabi/lib/armv7-m\libcr_semihost.a(__sys_seek.o)
                0x00005a88                __sys_seek
 .text.__sys_tmpnam
                0x00005a94        0xc c:/nxp/lpcxpresso_8.2.2_650/lpcxpresso/tools/bin/../lib/gcc/arm-none-eabi/5.4.1/../../../../arm-none-eabi/lib/armv7-m\libcr_semihost.a(__sys_tmpnam.o)
                0x00005a94                __sys_tmpnam
 .text.__sys_write
                0x00005aa0        0xc c:/nxp/lpcxpresso_8.2.2_650/lpcxpresso/tools/bin/../lib/gcc/arm-none-eabi/5.4.1/../../../../arm-none-eabi/lib/armv7-m\libcr_semihost.a(__sys_write.o)
                0x00005aa0                __sys_write
                0x00005aa0                __write
 *(.rodata .rodata.* .constdata .constdata.*)
 .rodata        0x00005aac       0x15 ./src/IntegradorMayo16.o
 *fill*         0x00005ac1        0x3 ff
 .rodata.LfnOfs
                0x00005ac4        0xd ./src/ff.o
 *fill*         0x00005ad1        0x3 ff
 .rodata        0x00005ad4       0x54 ./src/ff.o
 .rodata.uni2oem932
                0x00005b28     0x7378 ./src/ffunicode.o
 .rodata.oem2uni932
                0x0000cea0     0x7378 ./src/ffunicode.o
 .rodata.cvt1.3929
                0x00014218      0x1f2 ./src/ffunicode.o
 *fill*         0x0001440a        0x2 ff
 .rodata.cvt2.3930
                0x0001440c       0xbc ./src/ffunicode.o
 .rodata.str1.1
                0x000144c8        0x4 c:/nxp/lpcxpresso_8.2.2_650/lpcxpresso/tools/bin/../lib/gcc/arm-none-eabi/5.4.1/../../../../arm-none-eabi/lib/armv7-m\libcr_c.a(initio.o)
 .rodata.str1.1
                0x000144cc       0x18 c:/nxp/lpcxpresso_8.2.2_650/lpcxpresso/tools/bin/../lib/gcc/arm-none-eabi/5.4.1/../../../../arm-none-eabi/lib/armv7-m\libcr_c.a(alloc.o)
                0x000144e4                . = ALIGN (0x4)

.glue_7         0x000144e4        0x0
 .glue_7        0x000144e4        0x0 linker stubs

.glue_7t        0x000144e4        0x0
 .glue_7t       0x000144e4        0x0 linker stubs

.vfp11_veneer   0x000144e4        0x0
 .vfp11_veneer  0x000144e4        0x0 linker stubs

.v4_bx          0x000144e4        0x0
 .v4_bx         0x000144e4        0x0 linker stubs

.iplt           0x000144e4        0x0
 .iplt          0x000144e4        0x0 ./src/FW_Inicializaciones/FW_InitExpansion2.o

.rel.dyn        0x000144e4        0x0
 .rel.iplt      0x000144e4        0x0 ./src/FW_Inicializaciones/FW_InitExpansion2.o

.ARM.extab
 *(.ARM.extab* .gnu.linkonce.armextab.*)
                0x000144e4                __exidx_start = .

.ARM.exidx
 *(.ARM.exidx* .gnu.linkonce.armexidx.*)
                0x000144e4                __exidx_end = .
                0x000144e4                _etext = .

.data_RAM2      0x2007c000        0x0 load address 0x000144e4
 FILL mask 0xff
                [!provide]                PROVIDE (__start_data_RAM2, .)
 *(.ramfunc.$RAM2)
 *(.ramfunc.$RamAHB32)
 *(.data.$RAM2*)
 *(.data.$RamAHB32*)
                0x2007c000                . = ALIGN (0x4)
                [!provide]                PROVIDE (__end_data_RAM2, .)

.uninit_RESERVED
                0x10000000        0x0
 *(.bss.$RESERVED*)
                0x10000000                . = ALIGN (0x4)
                0x10000000                _end_uninit_RESERVED = .

.data           0x10000000       0x14 load address 0x000144e4
 FILL mask 0xff
                0x10000000                _data = .
 *(vtable)
 *(.ramfunc*)
 *(.data*)
 .data.codAnt.4564
                0x10000000        0x1 ./src/FW_Drivers/KitInfo2FW_Teclado.o
 *fill*         0x10000001        0x3 ff
 .data.Tabla_Digitos_BCD_7seg
                0x10000004        0xa ./src/FW_Drivers/PR_7Seg.o
                0x10000004                Tabla_Digitos_BCD_7seg
 .data.buffKey  0x1000000e        0x1 ./src/IntegradorMayo16.o
                0x1000000e                buffKey
 .data.tecla    0x1000000f        0x1 ./src/IntegradorMayo16.o
                0x1000000f                tecla
 .data.Stat     0x10000010        0x1 ./src/mmc_ssp.o
                0x10000014                . = ALIGN (0x4)
 *fill*         0x10000011        0x3 ff
                0x10000014                _edata = .

.igot.plt       0x10000014        0x0 load address 0x000144f8
 .igot.plt      0x10000014        0x0 ./src/FW_Inicializaciones/FW_InitExpansion2.o

.bss_RAM2       0x2007c000        0x0
                [!provide]                PROVIDE (__start_bss_RAM2, .)
 *(.bss.$RAM2*)
 *(.bss.$RamAHB32*)
                0x2007c000                . = ALIGN ((. != 0x0)?0x4:0x1)
                [!provide]                PROVIDE (__end_bss_RAM2, .)

.bss            0x10000014     0x14c8
                0x10000014                _bss = .
 *(.bss*)
 .bss.digito.4556
                0x10000014        0x1 ./src/FW_Drivers/FW_7Seg.o
 *fill*         0x10000015        0x1 
 .bss.prueba.4559
                0x10000016        0x2 ./src/FW_Drivers/FW_Systick.o
 .bss.actual.4563
                0x10000018        0x1 ./src/FW_Drivers/FW_Timers.o
 *fill*         0x10000019        0x3 
 .bss.i.4562    0x1000001c        0x4 ./src/FW_Drivers/FW_Timers.o
 .bss.cont.4565
                0x10000020        0x4 ./src/FW_Drivers/FW_Timers.o
 .bss.estado.4565
                0x10000024        0x1 ./src/FW_Drivers/KitInfo2FW_Teclado.o
 .bss.MAX_FILE  0x10000025        0x1 ./src/IntegradorMayo16.o
                0x10000025                MAX_FILE
 .bss.estado    0x10000026        0x1 ./src/IntegradorMayo16.o
                0x10000026                estado
 *fill*         0x10000027        0x1 
 .bss.cant      0x10000028        0x4 ./src/IntegradorMayo16.o
                0x10000028                cant
 .bss.ArchivoActual
                0x1000002c        0x1 ./src/IntegradorMayo16.o
                0x1000002c                ArchivoActual
 .bss.delayteclado
                0x1000002d        0x1 ./src/IntegradorMayo16.o
                0x1000002d                delayteclado
 *fill*         0x1000002e        0x2 
 .bss.FatFs     0x10000030        0x4 ./src/ff.o
 .bss.Fsid      0x10000034        0x2 ./src/ff.o
 *fill*         0x10000036        0x2 
 .bss.LfnBuf    0x10000038      0x200 ./src/ff.o
 .bss.Timer1    0x10000238        0x4 ./src/mmc_ssp.o
 .bss.Timer2    0x1000023c        0x4 ./src/mmc_ssp.o
 .bss.CardType  0x10000240        0x1 ./src/mmc_ssp.o
 *fill*         0x10000241        0x3 
 .bss.WavFifo   0x10000244        0x4 ./src/sound.o
 .bss.TxBuff0   0x10000248       0x88 ./src/uart176x.o
 .bss.RxBuff0   0x100002d0       0x86 ./src/uart176x.o
 *fill*         0x10000356        0x2 
 .bss._extra    0x10000358        0x4 c:/nxp/lpcxpresso_8.2.2_650/lpcxpresso/tools/bin/../lib/gcc/arm-none-eabi/5.4.1/../../../../arm-none-eabi/lib/armv7-m\libcr_c.a(initio.o)
                0x10000358                _extra
 .bss.__Ciob    0x1000035c      0x140 c:/nxp/lpcxpresso_8.2.2_650/lpcxpresso/tools/bin/../lib/gcc/arm-none-eabi/5.4.1/../../../../arm-none-eabi/lib/armv7-m\libcr_c.a(stdio.o)
                0x1000035c                __Ciob
 .bss.__heaps   0x1000049c        0x4 c:/nxp/lpcxpresso_8.2.2_650/lpcxpresso/tools/bin/../lib/gcc/arm-none-eabi/5.4.1/../../../../arm-none-eabi/lib/armv7-m\libcr_c.a(__init_alloc.o)
                0x1000049c                __heaps
 .bss.__end_of_heap
                0x100004a0        0x4 c:/nxp/lpcxpresso_8.2.2_650/lpcxpresso/tools/bin/../lib/gcc/arm-none-eabi/5.4.1/../../../../arm-none-eabi/lib/armv7-m\libcr_c.a(__init_alloc.o)
                0x100004a0                __end_of_heap
 .bss.errno     0x100004a4        0x4 c:/nxp/lpcxpresso_8.2.2_650/lpcxpresso/tools/bin/../lib/gcc/arm-none-eabi/5.4.1/../../../../arm-none-eabi/lib/armv7-m\libcr_c.a(errno.o)
                0x100004a4                errno
 *(COMMON)
 COMMON         0x100004a8     0x1034 ./src/IntegradorMayo16.o
                0x100004a8                cantidadColaLCD
                0x100004ac                inxInLCD
                0x100004b0                inxOutLCD
                0x100004b4                FatFs
                0x100006ec                Finfo
                0x10000804                bufferLCD
                0x10000868                demoraLCD
                0x1000086c                bufferswav
                0x1000106c                File
                0x10001294                msgDisplay
                0x1000129c                FileList
                0x100013a0                Timer
                0x100013a4                AccSize
                0x100013a8                Dir
                0x100013d8                Line
                0x100014d8                AccDirs
                0x100014da                AccFiles
                0x100014dc                . = ALIGN (0x4)
                0x100014dc                _ebss = .
                [!provide]                PROVIDE (end, .)

.noinit_RAM2    0x2007c000        0x0
 *(.noinit.$RAM2*)
 *(.noinit.$RamAHB32*)
                0x2007c000                . = ALIGN (0x4)

.noinit         0x100014dc        0x0
                0x100014dc                _noinit = .
 *(.noinit*)
                0x100014dc                . = ALIGN (0x4)
                0x100014dc                _end_noinit = .
                0x100014dc                PROVIDE (_pvHeapStart, DEFINED (__user_heap_base)?__user_heap_base:.)
                0x10008000                PROVIDE (_vStackTop, DEFINED (__user_stack_top)?__user_stack_top:(__top_RamLoc32 - 0x0))
                [!provide]                PROVIDE (__valid_user_code_checksum, (0x0 - ((((((_vStackTop + (ResetISR + 0x1)) + (NMI_Handler + 0x1)) + (HardFault_Handler + 0x1)) + (DEFINED (MemManage_Handler)?MemManage_Handler:0x0 + 0x1)) + (DEFINED (BusFault_Handler)?BusFault_Handler:0x0 + 0x1)) + (DEFINED (UsageFault_Handler)?UsageFault_Handler:0x0 + 0x1))))
OUTPUT(IntegradorMayo16.axf elf32-littlearm)

.debug_info     0x00000000     0x50dd
 .debug_info    0x00000000       0x96 ./src/FW_Inicializaciones/FW_InitExpansion2.o
 .debug_info    0x00000096       0xb8 ./src/FW_Inicializaciones/FW_InitGPIOBaseBoard.o
 .debug_info    0x0000014e      0x240 ./src/FW_Inicializaciones/FW_InitKit_principal.o
 .debug_info    0x0000038e       0x88 ./src/FW_Inicializaciones/FW_InitOscilador.o
 .debug_info    0x00000416       0x3f ./src/FW_Inicializaciones/crp.o
 .debug_info    0x00000455       0xe5 ./src/FW_Drivers/FW_7Seg.o
 .debug_info    0x0000053a      0x2b8 ./src/FW_Drivers/FW_GPIO.o
 .debug_info    0x000007f2      0x321 ./src/FW_Drivers/FW_LCD.o
 .debug_info    0x00000b13       0xdd ./src/FW_Drivers/FW_Systick.o
 .debug_info    0x00000bf0      0x3f2 ./src/FW_Drivers/FW_Timers.o
 .debug_info    0x00000fe2      0x173 ./src/FW_Drivers/KitInfo2FW_Teclado.o
 .debug_info    0x00001155      0x20d ./src/FW_Drivers/PR_7Seg.o
 .debug_info    0x00001362      0x250 ./src/FW_Drivers/cr_startup_lpc176x.o
 .debug_info    0x000015b2      0x76e ./src/IntegradorMayo16.o
 .debug_info    0x00001d20     0x2387 ./src/ff.o
 .debug_info    0x000040a7      0x2cc ./src/ffunicode.o
 .debug_info    0x00004373      0x5d1 ./src/mmc_ssp.o
 .debug_info    0x00004944      0x581 ./src/sound.o
 .debug_info    0x00004ec5      0x218 ./src/uart176x.o

.debug_abbrev   0x00000000     0x1111
 .debug_abbrev  0x00000000       0x45 ./src/FW_Inicializaciones/FW_InitExpansion2.o
 .debug_abbrev  0x00000045       0x45 ./src/FW_Inicializaciones/FW_InitGPIOBaseBoard.o
 .debug_abbrev  0x0000008a       0xee ./src/FW_Inicializaciones/FW_InitKit_principal.o
 .debug_abbrev  0x00000178       0x45 ./src/FW_Inicializaciones/FW_InitOscilador.o
 .debug_abbrev  0x000001bd       0x36 ./src/FW_Inicializaciones/crp.o
 .debug_abbrev  0x000001f3       0x89 ./src/FW_Drivers/FW_7Seg.o
 .debug_abbrev  0x0000027c       0xd6 ./src/FW_Drivers/FW_GPIO.o
 .debug_abbrev  0x00000352      0x154 ./src/FW_Drivers/FW_LCD.o
 .debug_abbrev  0x000004a6       0x7b ./src/FW_Drivers/FW_Systick.o
 .debug_abbrev  0x00000521      0x104 ./src/FW_Drivers/FW_Timers.o
 .debug_abbrev  0x00000625       0xeb ./src/FW_Drivers/KitInfo2FW_Teclado.o
 .debug_abbrev  0x00000710      0x110 ./src/FW_Drivers/PR_7Seg.o
 .debug_abbrev  0x00000820       0xf5 ./src/FW_Drivers/cr_startup_lpc176x.o
 .debug_abbrev  0x00000915      0x138 ./src/IntegradorMayo16.o
 .debug_abbrev  0x00000a4d      0x18a ./src/ff.o
 .debug_abbrev  0x00000bd7       0xbd ./src/ffunicode.o
 .debug_abbrev  0x00000c94      0x20c ./src/mmc_ssp.o
 .debug_abbrev  0x00000ea0      0x15e ./src/sound.o
 .debug_abbrev  0x00000ffe      0x113 ./src/uart176x.o

.debug_aranges  0x00000000      0x6a8
 .debug_aranges
                0x00000000       0x20 ./src/FW_Inicializaciones/FW_InitExpansion2.o
 .debug_aranges
                0x00000020       0x30 ./src/FW_Inicializaciones/FW_InitGPIOBaseBoard.o
 .debug_aranges
                0x00000050       0x60 ./src/FW_Inicializaciones/FW_InitKit_principal.o
 .debug_aranges
                0x000000b0       0x20 ./src/FW_Inicializaciones/FW_InitOscilador.o
 .debug_aranges
                0x000000d0       0x18 ./src/FW_Inicializaciones/crp.o
 .debug_aranges
                0x000000e8       0x20 ./src/FW_Drivers/FW_7Seg.o
 .debug_aranges
                0x00000108       0x58 ./src/FW_Drivers/FW_GPIO.o
 .debug_aranges
                0x00000160       0x80 ./src/FW_Drivers/FW_LCD.o
 .debug_aranges
                0x000001e0       0x20 ./src/FW_Drivers/FW_Systick.o
 .debug_aranges
                0x00000200       0x40 ./src/FW_Drivers/FW_Timers.o
 .debug_aranges
                0x00000240       0x38 ./src/FW_Drivers/KitInfo2FW_Teclado.o
 .debug_aranges
                0x00000278       0x20 ./src/FW_Drivers/PR_7Seg.o
 .debug_aranges
                0x00000298       0x80 ./src/FW_Drivers/cr_startup_lpc176x.o
 .debug_aranges
                0x00000318       0x28 ./src/IntegradorMayo16.o
 .debug_aranges
                0x00000340      0x220 ./src/ff.o
 .debug_aranges
                0x00000560       0x30 ./src/ffunicode.o
 .debug_aranges
                0x00000590       0xa0 ./src/mmc_ssp.o
 .debug_aranges
                0x00000630       0x38 ./src/sound.o
 .debug_aranges
                0x00000668       0x40 ./src/uart176x.o

.debug_ranges   0x00000000      0x570
 .debug_ranges  0x00000000       0x10 ./src/FW_Inicializaciones/FW_InitExpansion2.o
 .debug_ranges  0x00000010       0x20 ./src/FW_Inicializaciones/FW_InitGPIOBaseBoard.o
 .debug_ranges  0x00000030       0x50 ./src/FW_Inicializaciones/FW_InitKit_principal.o
 .debug_ranges  0x00000080       0x10 ./src/FW_Inicializaciones/FW_InitOscilador.o
 .debug_ranges  0x00000090       0x10 ./src/FW_Drivers/FW_7Seg.o
 .debug_ranges  0x000000a0       0x48 ./src/FW_Drivers/FW_GPIO.o
 .debug_ranges  0x000000e8       0x70 ./src/FW_Drivers/FW_LCD.o
 .debug_ranges  0x00000158       0x10 ./src/FW_Drivers/FW_Systick.o
 .debug_ranges  0x00000168       0x30 ./src/FW_Drivers/FW_Timers.o
 .debug_ranges  0x00000198       0x28 ./src/FW_Drivers/KitInfo2FW_Teclado.o
 .debug_ranges  0x000001c0       0x10 ./src/FW_Drivers/PR_7Seg.o
 .debug_ranges  0x000001d0       0x70 ./src/FW_Drivers/cr_startup_lpc176x.o
 .debug_ranges  0x00000240       0x18 ./src/IntegradorMayo16.o
 .debug_ranges  0x00000258      0x210 ./src/ff.o
 .debug_ranges  0x00000468       0x20 ./src/ffunicode.o
 .debug_ranges  0x00000488       0x90 ./src/mmc_ssp.o
 .debug_ranges  0x00000518       0x28 ./src/sound.o
 .debug_ranges  0x00000540       0x30 ./src/uart176x.o

.debug_macro    0x00000000     0x4c67
 .debug_macro   0x00000000      0x120 ./src/FW_Inicializaciones/FW_InitExpansion2.o
 .debug_macro   0x00000120      0x88c ./src/FW_Inicializaciones/FW_InitExpansion2.o
 .debug_macro   0x000009ac       0x76 ./src/FW_Inicializaciones/FW_InitExpansion2.o
 .debug_macro   0x00000a22       0x10 ./src/FW_Inicializaciones/FW_InitExpansion2.o
 .debug_macro   0x00000a32      0x12d ./src/FW_Inicializaciones/FW_InitExpansion2.o
 .debug_macro   0x00000b5f      0x5b2 ./src/FW_Inicializaciones/FW_InitExpansion2.o
 .debug_macro   0x00001111     0x1c25 ./src/FW_Inicializaciones/FW_InitExpansion2.o
 .debug_macro   0x00002d36       0x46 ./src/FW_Inicializaciones/FW_InitExpansion2.o
 .debug_macro   0x00002d7c      0x16c ./src/FW_Inicializaciones/FW_InitExpansion2.o
 .debug_macro   0x00002ee8       0xac ./src/FW_Inicializaciones/FW_InitExpansion2.o
 .debug_macro   0x00002f94       0x4c ./src/FW_Inicializaciones/FW_InitExpansion2.o
 .debug_macro   0x00002fe0       0x6a ./src/FW_Inicializaciones/FW_InitExpansion2.o
 .debug_macro   0x0000304a       0x40 ./src/FW_Inicializaciones/FW_InitExpansion2.o
 .debug_macro   0x0000308a       0xd0 ./src/FW_Inicializaciones/FW_InitExpansion2.o
 .debug_macro   0x0000315a       0xf8 ./src/FW_Inicializaciones/FW_InitExpansion2.o
 .debug_macro   0x00003252       0xef ./src/FW_Inicializaciones/FW_InitExpansion2.o
 .debug_macro   0x00003341       0x10 ./src/FW_Inicializaciones/FW_InitExpansion2.o
 .debug_macro   0x00003351       0x9a ./src/FW_Inicializaciones/FW_InitExpansion2.o
 .debug_macro   0x000033eb       0x9a ./src/FW_Inicializaciones/FW_InitExpansion2.o
 .debug_macro   0x00003485       0xd6 ./src/FW_Inicializaciones/FW_InitExpansion2.o
 .debug_macro   0x0000355b       0x88 ./src/FW_Inicializaciones/FW_InitExpansion2.o
 .debug_macro   0x000035e3      0x120 ./src/FW_Inicializaciones/FW_InitGPIOBaseBoard.o
 .debug_macro   0x00003703      0x120 ./src/FW_Inicializaciones/FW_InitKit_principal.o
 .debug_macro   0x00003823       0x54 ./src/FW_Inicializaciones/FW_InitOscilador.o
 .debug_macro   0x00003877       0x1a ./src/FW_Inicializaciones/crp.o
 .debug_macro   0x00003891       0x34 ./src/FW_Inicializaciones/crp.o
 .debug_macro   0x000038c5      0x120 ./src/FW_Drivers/FW_7Seg.o
 .debug_macro   0x000039e5      0x124 ./src/FW_Drivers/FW_GPIO.o
 .debug_macro   0x00003b09       0x78 ./src/FW_Drivers/FW_LCD.o
 .debug_macro   0x00003b81      0x166 ./src/FW_Drivers/FW_LCD.o
 .debug_macro   0x00003ce7       0xd0 ./src/FW_Drivers/FW_LCD.o
 .debug_macro   0x00003db7      0x120 ./src/FW_Drivers/FW_Systick.o
 .debug_macro   0x00003ed7      0x120 ./src/FW_Drivers/FW_Timers.o
 .debug_macro   0x00003ff7      0x120 ./src/FW_Drivers/KitInfo2FW_Teclado.o
 .debug_macro   0x00004117      0x120 ./src/FW_Drivers/PR_7Seg.o
 .debug_macro   0x00004237       0x1d ./src/FW_Drivers/cr_startup_lpc176x.o
 .debug_macro   0x00004254      0x120 ./src/IntegradorMayo16.o
 .debug_macro   0x00004374      0x4b0 ./src/ff.o
 .debug_macro   0x00004824       0x3f ./src/ffunicode.o
 .debug_macro   0x00004863      0x15f ./src/mmc_ssp.o
 .debug_macro   0x000049c2       0x1c ./src/mmc_ssp.o
 .debug_macro   0x000049de       0xb8 ./src/mmc_ssp.o
 .debug_macro   0x00004a96       0xdd ./src/sound.o
 .debug_macro   0x00004b73       0x90 ./src/uart176x.o
 .debug_macro   0x00004c03       0x64 ./src/uart176x.o

.debug_line     0x00000000     0x48aa
 .debug_line    0x00000000      0x2ba ./src/FW_Inicializaciones/FW_InitExpansion2.o
 .debug_line    0x000002ba      0x2e1 ./src/FW_Inicializaciones/FW_InitGPIOBaseBoard.o
 .debug_line    0x0000059b      0x37f ./src/FW_Inicializaciones/FW_InitKit_principal.o
 .debug_line    0x0000091a      0x1ed ./src/FW_Inicializaciones/FW_InitOscilador.o
 .debug_line    0x00000b07       0x8c ./src/FW_Inicializaciones/crp.o
 .debug_line    0x00000b93      0x2a6 ./src/FW_Drivers/FW_7Seg.o
 .debug_line    0x00000e39      0x324 ./src/FW_Drivers/FW_GPIO.o
 .debug_line    0x0000115d      0x358 ./src/FW_Drivers/FW_LCD.o
 .debug_line    0x000014b5      0x2aa ./src/FW_Drivers/FW_Systick.o
 .debug_line    0x0000175f      0x30b ./src/FW_Drivers/FW_Timers.o
 .debug_line    0x00001a6a      0x318 ./src/FW_Drivers/KitInfo2FW_Teclado.o
 .debug_line    0x00001d82      0x2b8 ./src/FW_Drivers/PR_7Seg.o
 .debug_line    0x0000203a       0xdc ./src/FW_Drivers/cr_startup_lpc176x.o
 .debug_line    0x00002116      0x30c ./src/IntegradorMayo16.o
 .debug_line    0x00002422     0x1735 ./src/ff.o
 .debug_line    0x00003b57      0x182 ./src/ffunicode.o
 .debug_line    0x00003cd9      0x5ec ./src/mmc_ssp.o
 .debug_line    0x000042c5      0x3a3 ./src/sound.o
 .debug_line    0x00004668      0x242 ./src/uart176x.o

.debug_str      0x00000000    0x147e6
 .debug_str     0x00000000     0xf9f7 ./src/FW_Inicializaciones/FW_InitExpansion2.o
                               0xfaa9 (size before relaxing)
 .debug_str     0x0000f9f7       0x67 ./src/FW_Inicializaciones/FW_InitGPIOBaseBoard.o
                               0xfacb (size before relaxing)
 .debug_str     0x0000fa5e       0xfc ./src/FW_Inicializaciones/FW_InitKit_principal.o
                               0xfbaa (size before relaxing)
 .debug_str     0x0000fb5a       0x36 ./src/FW_Inicializaciones/FW_InitOscilador.o
                               0xe333 (size before relaxing)
 .debug_str     0x0000fb90       0xfd ./src/FW_Inicializaciones/crp.o
                               0x25e7 (size before relaxing)
 .debug_str     0x0000fc8d       0x4e ./src/FW_Drivers/FW_7Seg.o
                               0xfab2 (size before relaxing)
 .debug_str     0x0000fcdb       0x86 ./src/FW_Drivers/FW_GPIO.o
                               0xfb1a (size before relaxing)
 .debug_str     0x0000fd61       0xea ./src/FW_Drivers/FW_LCD.o
                               0xe6c3 (size before relaxing)
 .debug_str     0x0000fe4b       0x43 ./src/FW_Drivers/FW_Systick.o
                               0xfabf (size before relaxing)
 .debug_str     0x0000fe8e      0x196 ./src/FW_Drivers/FW_Timers.o
                               0xfc28 (size before relaxing)
 .debug_str     0x00010024       0x7a ./src/FW_Drivers/KitInfo2FW_Teclado.o
                               0xfaff (size before relaxing)
 .debug_str     0x0001009e       0x3e ./src/FW_Drivers/PR_7Seg.o
                               0xfb3e (size before relaxing)
 .debug_str     0x000100dc      0x1bd ./src/FW_Drivers/cr_startup_lpc176x.o
                               0x26c6 (size before relaxing)
 .debug_str     0x00010299      0x21c ./src/IntegradorMayo16.o
                               0xfdf4 (size before relaxing)
 .debug_str     0x000104b5     0x3af4 ./src/ff.o
                               0x6a01 (size before relaxing)
 .debug_str     0x00013fa9       0x86 ./src/ffunicode.o
                               0x2afe (size before relaxing)
 .debug_str     0x0001402f      0x44f ./src/mmc_ssp.o
                               0xe62a (size before relaxing)
 .debug_str     0x0001447e      0x181 ./src/sound.o
                               0xe919 (size before relaxing)
 .debug_str     0x000145ff      0x1e7 ./src/uart176x.o
                               0xe247 (size before relaxing)

.comment        0x00000000       0xdc
 .comment       0x00000000       0x6e ./src/FW_Inicializaciones/FW_InitExpansion2.o
                                 0x6f (size before relaxing)
 .comment       0x0000006e       0x6f ./src/FW_Inicializaciones/FW_InitGPIOBaseBoard.o
 .comment       0x0000006e       0x6f ./src/FW_Inicializaciones/FW_InitKit_principal.o
 .comment       0x0000006e       0x6f ./src/FW_Inicializaciones/FW_InitOscilador.o
 .comment       0x0000006e       0x6f ./src/FW_Inicializaciones/crp.o
 .comment       0x0000006e       0x6f ./src/FW_Drivers/FW_7Seg.o
 .comment       0x0000006e       0x6f ./src/FW_Drivers/FW_GPIO.o
 .comment       0x0000006e       0x6f ./src/FW_Drivers/FW_LCD.o
 .comment       0x0000006e       0x6f ./src/FW_Drivers/FW_Systick.o
 .comment       0x0000006e       0x6f ./src/FW_Drivers/FW_Timers.o
 .comment       0x0000006e       0x6f ./src/FW_Drivers/KitInfo2FW_Teclado.o
 .comment       0x0000006e       0x6f ./src/FW_Drivers/PR_7Seg.o
 .comment       0x0000006e       0x6f ./src/FW_Drivers/cr_startup_lpc176x.o
 .comment       0x0000006e       0x6f ./src/IntegradorMayo16.o
 .comment       0x0000006e       0x6f ./src/ff.o
 .comment       0x0000006e       0x6f ./src/ffunicode.o
 .comment       0x0000006e       0x6f ./src/mmc_ssp.o
 .comment       0x0000006e       0x6f ./src/sound.o
 .comment       0x0000006e       0x6f ./src/uart176x.o
 .comment       0x0000006e       0x6e c:/nxp/lpcxpresso_8.2.2_650/lpcxpresso/tools/bin/../lib/gcc/arm-none-eabi/5.4.1/../../../../arm-none-eabi/lib/armv7-m\libcr_semihost.a(_cr__main.o)
                                 0x6f (size before relaxing)
 .comment       0x000000dc       0x6f c:/nxp/lpcxpresso_8.2.2_650/lpcxpresso/tools/bin/../lib/gcc/arm-none-eabi/5.4.1/../../../../arm-none-eabi/lib/armv7-m\libcr_c.a(initio.o)
 .comment       0x000000dc       0x6f c:/nxp/lpcxpresso_8.2.2_650/lpcxpresso/tools/bin/../lib/gcc/arm-none-eabi/5.4.1/../../../../arm-none-eabi/lib/armv7-m\libcr_c.a(setvbuf.o)
 .comment       0x000000dc       0x6f c:/nxp/lpcxpresso_8.2.2_650/lpcxpresso/tools/bin/../lib/gcc/arm-none-eabi/5.4.1/../../../../arm-none-eabi/lib/armv7-m\libcr_c.a(stdio.o)
 .comment       0x000000dc       0x6f c:/nxp/lpcxpresso_8.2.2_650/lpcxpresso/tools/bin/../lib/gcc/arm-none-eabi/5.4.1/../../../../arm-none-eabi/lib/armv7-m\libcr_c.a(strcpy.o)
 .comment       0x000000dc       0x6f c:/nxp/lpcxpresso_8.2.2_650/lpcxpresso/tools/bin/../lib/gcc/arm-none-eabi/5.4.1/../../../../arm-none-eabi/lib/armv7-m\libcr_c.a(memset.o)
 .comment       0x000000dc       0x6f c:/nxp/lpcxpresso_8.2.2_650/lpcxpresso/tools/bin/../lib/gcc/arm-none-eabi/5.4.1/../../../../arm-none-eabi/lib/armv7-m\libcr_c.a(_deferredlazyseek.o)
 .comment       0x000000dc       0x6f c:/nxp/lpcxpresso_8.2.2_650/lpcxpresso/tools/bin/../lib/gcc/arm-none-eabi/5.4.1/../../../../arm-none-eabi/lib/armv7-m\libcr_c.a(_fdopen.o)
 .comment       0x000000dc       0x6f c:/nxp/lpcxpresso_8.2.2_650/lpcxpresso/tools/bin/../lib/gcc/arm-none-eabi/5.4.1/../../../../arm-none-eabi/lib/armv7-m\libcr_c.a(_fflush.o)
 .comment       0x000000dc       0x6f c:/nxp/lpcxpresso_8.2.2_650/lpcxpresso/tools/bin/../lib/gcc/arm-none-eabi/5.4.1/../../../../arm-none-eabi/lib/armv7-m\libcr_c.a(_writebuf.o)
 .comment       0x000000dc       0x6f c:/nxp/lpcxpresso_8.2.2_650/lpcxpresso/tools/bin/../lib/gcc/arm-none-eabi/5.4.1/../../../../arm-none-eabi/lib/armv7-m\libcr_c.a(alloc.o)
 .comment       0x000000dc       0x6f c:/nxp/lpcxpresso_8.2.2_650/lpcxpresso/tools/bin/../lib/gcc/arm-none-eabi/5.4.1/../../../../arm-none-eabi/lib/armv7-m\libcr_c.a(fclose.o)
 .comment       0x000000dc       0x6f c:/nxp/lpcxpresso_8.2.2_650/lpcxpresso/tools/bin/../lib/gcc/arm-none-eabi/5.4.1/../../../../arm-none-eabi/lib/armv7-m\libcr_c.a(fflush.o)
 .comment       0x000000dc       0x6f c:/nxp/lpcxpresso_8.2.2_650/lpcxpresso/tools/bin/../lib/gcc/arm-none-eabi/5.4.1/../../../../arm-none-eabi/lib/armv7-m\libcr_c.a(fseek.o)
 .comment       0x000000dc       0x6f c:/nxp/lpcxpresso_8.2.2_650/lpcxpresso/tools/bin/../lib/gcc/arm-none-eabi/5.4.1/../../../../arm-none-eabi/lib/armv7-m\libcr_c.a(ftell.o)
 .comment       0x000000dc       0x6f c:/nxp/lpcxpresso_8.2.2_650/lpcxpresso/tools/bin/../lib/gcc/arm-none-eabi/5.4.1/../../../../arm-none-eabi/lib/armv7-m\libcr_c.a(remove.o)
 .comment       0x000000dc       0x6f c:/nxp/lpcxpresso_8.2.2_650/lpcxpresso/tools/bin/../lib/gcc/arm-none-eabi/5.4.1/../../../../arm-none-eabi/lib/armv7-m\libcr_c.a(strlen.o)
 .comment       0x000000dc       0x6f c:/nxp/lpcxpresso_8.2.2_650/lpcxpresso/tools/bin/../lib/gcc/arm-none-eabi/5.4.1/../../../../arm-none-eabi/lib/armv7-m\libcr_c.a(__init_alloc.o)
 .comment       0x000000dc       0x6f c:/nxp/lpcxpresso_8.2.2_650/lpcxpresso/tools/bin/../lib/gcc/arm-none-eabi/5.4.1/../../../../arm-none-eabi/lib/armv7-m\libcr_c.a(_cr_sbrk.o)
 .comment       0x000000dc       0x6f c:/nxp/lpcxpresso_8.2.2_650/lpcxpresso/tools/bin/../lib/gcc/arm-none-eabi/5.4.1/../../../../arm-none-eabi/lib/armv7-m\libcr_c.a(_do_fflush.o)
 .comment       0x000000dc       0x6f c:/nxp/lpcxpresso_8.2.2_650/lpcxpresso/tools/bin/../lib/gcc/arm-none-eabi/5.4.1/../../../../arm-none-eabi/lib/armv7-m\libcr_c.a(errno.o)
 .comment       0x000000dc       0x6f c:/nxp/lpcxpresso_8.2.2_650/lpcxpresso/tools/bin/../lib/gcc/arm-none-eabi/5.4.1/../../../../arm-none-eabi/lib/armv7-m\libcr_c.a(_cr_check_heap.o)

.ARM.attributes
                0x00000000       0x31
 .ARM.attributes
                0x00000000       0x33 ./src/FW_Inicializaciones/FW_InitExpansion2.o
 .ARM.attributes
                0x00000033       0x33 ./src/FW_Inicializaciones/FW_InitGPIOBaseBoard.o
 .ARM.attributes
                0x00000066       0x33 ./src/FW_Inicializaciones/FW_InitKit_principal.o
 .ARM.attributes
                0x00000099       0x33 ./src/FW_Inicializaciones/FW_InitOscilador.o
 .ARM.attributes
                0x000000cc       0x33 ./src/FW_Inicializaciones/crp.o
 .ARM.attributes
                0x000000ff       0x33 ./src/FW_Drivers/FW_7Seg.o
 .ARM.attributes
                0x00000132       0x33 ./src/FW_Drivers/FW_GPIO.o
 .ARM.attributes
                0x00000165       0x33 ./src/FW_Drivers/FW_LCD.o
 .ARM.attributes
                0x00000198       0x33 ./src/FW_Drivers/FW_Systick.o
 .ARM.attributes
                0x000001cb       0x33 ./src/FW_Drivers/FW_Timers.o
 .ARM.attributes
                0x000001fe       0x33 ./src/FW_Drivers/KitInfo2FW_Teclado.o
 .ARM.attributes
                0x00000231       0x33 ./src/FW_Drivers/PR_7Seg.o
 .ARM.attributes
                0x00000264       0x33 ./src/FW_Drivers/cr_startup_lpc176x.o
 .ARM.attributes
                0x00000297       0x33 ./src/IntegradorMayo16.o
 .ARM.attributes
                0x000002ca       0x33 ./src/ff.o
 .ARM.attributes
                0x000002fd       0x33 ./src/ffunicode.o
 .ARM.attributes
                0x00000330       0x33 ./src/mmc_ssp.o
 .ARM.attributes
                0x00000363       0x33 ./src/sound.o
 .ARM.attributes
                0x00000396       0x33 ./src/uart176x.o
 .ARM.attributes
                0x000003c9       0x33 c:/nxp/lpcxpresso_8.2.2_650/lpcxpresso/tools/bin/../lib/gcc/arm-none-eabi/5.4.1/../../../../arm-none-eabi/lib/armv7-m\libcr_semihost.a(_cr__main.o)
 .ARM.attributes
                0x000003fc       0x33 c:/nxp/lpcxpresso_8.2.2_650/lpcxpresso/tools/bin/../lib/gcc/arm-none-eabi/5.4.1/../../../../arm-none-eabi/lib/armv7-m\libcr_c.a(initio.o)
 .ARM.attributes
                0x0000042f       0x33 c:/nxp/lpcxpresso_8.2.2_650/lpcxpresso/tools/bin/../lib/gcc/arm-none-eabi/5.4.1/../../../../arm-none-eabi/lib/armv7-m\libcr_c.a(setvbuf.o)
 .ARM.attributes
                0x00000462       0x33 c:/nxp/lpcxpresso_8.2.2_650/lpcxpresso/tools/bin/../lib/gcc/arm-none-eabi/5.4.1/../../../../arm-none-eabi/lib/armv7-m\libcr_c.a(stdio.o)
 .ARM.attributes
                0x00000495       0x33 c:/nxp/lpcxpresso_8.2.2_650/lpcxpresso/tools/bin/../lib/gcc/arm-none-eabi/5.4.1/../../../../arm-none-eabi/lib/armv7-m\libcr_c.a(strcpy.o)
 .ARM.attributes
                0x000004c8       0x33 c:/nxp/lpcxpresso_8.2.2_650/lpcxpresso/tools/bin/../lib/gcc/arm-none-eabi/5.4.1/../../../../arm-none-eabi/lib/armv7-m\libcr_c.a(memset.o)
 .ARM.attributes
                0x000004fb       0x33 c:/nxp/lpcxpresso_8.2.2_650/lpcxpresso/tools/bin/../lib/gcc/arm-none-eabi/5.4.1/../../../../arm-none-eabi/lib/armv7-m\libcr_c.a(_deferredlazyseek.o)
 .ARM.attributes
                0x0000052e       0x33 c:/nxp/lpcxpresso_8.2.2_650/lpcxpresso/tools/bin/../lib/gcc/arm-none-eabi/5.4.1/../../../../arm-none-eabi/lib/armv7-m\libcr_c.a(_fdopen.o)
 .ARM.attributes
                0x00000561       0x33 c:/nxp/lpcxpresso_8.2.2_650/lpcxpresso/tools/bin/../lib/gcc/arm-none-eabi/5.4.1/../../../../arm-none-eabi/lib/armv7-m\libcr_c.a(_fflush.o)
 .ARM.attributes
                0x00000594       0x33 c:/nxp/lpcxpresso_8.2.2_650/lpcxpresso/tools/bin/../lib/gcc/arm-none-eabi/5.4.1/../../../../arm-none-eabi/lib/armv7-m\libcr_c.a(_writebuf.o)
 .ARM.attributes
                0x000005c7       0x33 c:/nxp/lpcxpresso_8.2.2_650/lpcxpresso/tools/bin/../lib/gcc/arm-none-eabi/5.4.1/../../../../arm-none-eabi/lib/armv7-m\libcr_c.a(alloc.o)
 .ARM.attributes
                0x000005fa       0x33 c:/nxp/lpcxpresso_8.2.2_650/lpcxpresso/tools/bin/../lib/gcc/arm-none-eabi/5.4.1/../../../../arm-none-eabi/lib/armv7-m\libcr_c.a(fclose.o)
 .ARM.attributes
                0x0000062d       0x33 c:/nxp/lpcxpresso_8.2.2_650/lpcxpresso/tools/bin/../lib/gcc/arm-none-eabi/5.4.1/../../../../arm-none-eabi/lib/armv7-m\libcr_c.a(fflush.o)
 .ARM.attributes
                0x00000660       0x33 c:/nxp/lpcxpresso_8.2.2_650/lpcxpresso/tools/bin/../lib/gcc/arm-none-eabi/5.4.1/../../../../arm-none-eabi/lib/armv7-m\libcr_c.a(fseek.o)
 .ARM.attributes
                0x00000693       0x33 c:/nxp/lpcxpresso_8.2.2_650/lpcxpresso/tools/bin/../lib/gcc/arm-none-eabi/5.4.1/../../../../arm-none-eabi/lib/armv7-m\libcr_c.a(ftell.o)
 .ARM.attributes
                0x000006c6       0x33 c:/nxp/lpcxpresso_8.2.2_650/lpcxpresso/tools/bin/../lib/gcc/arm-none-eabi/5.4.1/../../../../arm-none-eabi/lib/armv7-m\libcr_c.a(remove.o)
 .ARM.attributes
                0x000006f9       0x33 c:/nxp/lpcxpresso_8.2.2_650/lpcxpresso/tools/bin/../lib/gcc/arm-none-eabi/5.4.1/../../../../arm-none-eabi/lib/armv7-m\libcr_c.a(strlen.o)
 .ARM.attributes
                0x0000072c       0x33 c:/nxp/lpcxpresso_8.2.2_650/lpcxpresso/tools/bin/../lib/gcc/arm-none-eabi/5.4.1/../../../../arm-none-eabi/lib/armv7-m\libcr_c.a(__init_alloc.o)
 .ARM.attributes
                0x0000075f       0x33 c:/nxp/lpcxpresso_8.2.2_650/lpcxpresso/tools/bin/../lib/gcc/arm-none-eabi/5.4.1/../../../../arm-none-eabi/lib/armv7-m\libcr_c.a(_cr_sbrk.o)
 .ARM.attributes
                0x00000792       0x33 c:/nxp/lpcxpresso_8.2.2_650/lpcxpresso/tools/bin/../lib/gcc/arm-none-eabi/5.4.1/../../../../arm-none-eabi/lib/armv7-m\libcr_c.a(_do_fflush.o)
 .ARM.attributes
                0x000007c5       0x33 c:/nxp/lpcxpresso_8.2.2_650/lpcxpresso/tools/bin/../lib/gcc/arm-none-eabi/5.4.1/../../../../arm-none-eabi/lib/armv7-m\libcr_c.a(errno.o)
 .ARM.attributes
                0x000007f8       0x33 c:/nxp/lpcxpresso_8.2.2_650/lpcxpresso/tools/bin/../lib/gcc/arm-none-eabi/5.4.1/../../../../arm-none-eabi/lib/armv7-m\libcr_c.a(_cr_check_heap.o)
 .ARM.attributes
                0x0000082b       0x21 c:/nxp/lpcxpresso_8.2.2_650/lpcxpresso/tools/bin/../lib/gcc/arm-none-eabi/5.4.1/armv7-m\libcr_eabihelpers.a(memcpy.o)
 .ARM.attributes
                0x0000084c       0x21 c:/nxp/lpcxpresso_8.2.2_650/lpcxpresso/tools/bin/../lib/gcc/arm-none-eabi/5.4.1/../../../../arm-none-eabi/lib/armv7-m\libcr_semihost.a(__sys_appexit.o)
 .ARM.attributes
                0x0000086d       0x21 c:/nxp/lpcxpresso_8.2.2_650/lpcxpresso/tools/bin/../lib/gcc/arm-none-eabi/5.4.1/../../../../arm-none-eabi/lib/armv7-m\libcr_semihost.a(__sys_close.o)
 .ARM.attributes
                0x0000088e       0x21 c:/nxp/lpcxpresso_8.2.2_650/lpcxpresso/tools/bin/../lib/gcc/arm-none-eabi/5.4.1/../../../../arm-none-eabi/lib/armv7-m\libcr_semihost.a(__sys_flen.o)
 .ARM.attributes
                0x000008af       0x21 c:/nxp/lpcxpresso_8.2.2_650/lpcxpresso/tools/bin/../lib/gcc/arm-none-eabi/5.4.1/../../../../arm-none-eabi/lib/armv7-m\libcr_semihost.a(__sys_istty.o)
 .ARM.attributes
                0x000008d0       0x21 c:/nxp/lpcxpresso_8.2.2_650/lpcxpresso/tools/bin/../lib/gcc/arm-none-eabi/5.4.1/../../../../arm-none-eabi/lib/armv7-m\libcr_semihost.a(__sys_remove.o)
 .ARM.attributes
                0x000008f1       0x21 c:/nxp/lpcxpresso_8.2.2_650/lpcxpresso/tools/bin/../lib/gcc/arm-none-eabi/5.4.1/../../../../arm-none-eabi/lib/armv7-m\libcr_semihost.a(__sys_seek.o)
 .ARM.attributes
                0x00000912       0x21 c:/nxp/lpcxpresso_8.2.2_650/lpcxpresso/tools/bin/../lib/gcc/arm-none-eabi/5.4.1/../../../../arm-none-eabi/lib/armv7-m\libcr_semihost.a(__sys_tmpnam.o)
 .ARM.attributes
                0x00000933       0x21 c:/nxp/lpcxpresso_8.2.2_650/lpcxpresso/tools/bin/../lib/gcc/arm-none-eabi/5.4.1/../../../../arm-none-eabi/lib/armv7-m\libcr_semihost.a(__sys_write.o)

.debug_frame    0x00000000     0x16cc
 .debug_frame   0x00000000       0x2c ./src/FW_Inicializaciones/FW_InitExpansion2.o
 .debug_frame   0x0000002c       0x64 ./src/FW_Inicializaciones/FW_InitGPIOBaseBoard.o
 .debug_frame   0x00000090      0x11c ./src/FW_Inicializaciones/FW_InitKit_principal.o
 .debug_frame   0x000001ac       0x30 ./src/FW_Inicializaciones/FW_InitOscilador.o
 .debug_frame   0x000001dc       0x34 ./src/FW_Drivers/FW_7Seg.o
 .debug_frame   0x00000210      0x150 ./src/FW_Drivers/FW_GPIO.o
 .debug_frame   0x00000360      0x1e4 ./src/FW_Drivers/FW_LCD.o
 .debug_frame   0x00000544       0x2c ./src/FW_Drivers/FW_Systick.o
 .debug_frame   0x00000570       0xa4 ./src/FW_Drivers/FW_Timers.o
 .debug_frame   0x00000614       0xa8 ./src/FW_Drivers/KitInfo2FW_Teclado.o
 .debug_frame   0x000006bc       0x38 ./src/FW_Drivers/PR_7Seg.o
 .debug_frame   0x000006f4      0x170 ./src/FW_Drivers/cr_startup_lpc176x.o
 .debug_frame   0x00000864       0x54 ./src/IntegradorMayo16.o
 .debug_frame   0x000008b8      0x9a0 ./src/ff.o
 .debug_frame   0x00001258       0x88 ./src/ffunicode.o
 .debug_frame   0x000012e0      0x274 ./src/mmc_ssp.o
 .debug_frame   0x00001554       0xb0 ./src/sound.o
 .debug_frame   0x00001604       0xc8 ./src/uart176x.o
