Archive member included to satisfy reference by file (symbol)

c:/nxp/lpcxpresso_8.2.2_650/lpcxpresso/tools/bin/../lib/gcc/arm-none-eabi/5.4.1/../../../../arm-none-eabi/lib/armv7-m\libcr_c.a(__weak__main.o)
                              ./IntegradorMayo16/src/FW_Drivers/cr_startup_lpc176x.o (__main)
c:/nxp/lpcxpresso_8.2.2_650/lpcxpresso/tools/bin/../lib/gcc/arm-none-eabi/5.4.1/../../../../arm-none-eabi/lib/armv7-m\libcr_c.a(strcpy.o)
                              ./IntegradorMayo16/src/IntegradorMayo16.o (strcpy)

Discarded input sections

 .group         0x00000000        0x8 ./IntegradorMayo16/src/FW_Inicializaciones/FW_InitExpansion2.o
 .group         0x00000000        0x8 ./IntegradorMayo16/src/FW_Inicializaciones/FW_InitExpansion2.o
 .group         0x00000000        0x8 ./IntegradorMayo16/src/FW_Inicializaciones/FW_InitExpansion2.o
 .group         0x00000000        0x8 ./IntegradorMayo16/src/FW_Inicializaciones/FW_InitExpansion2.o
 .group         0x00000000        0x8 ./IntegradorMayo16/src/FW_Inicializaciones/FW_InitExpansion2.o
 .group         0x00000000        0x8 ./IntegradorMayo16/src/FW_Inicializaciones/FW_InitExpansion2.o
 .group         0x00000000        0x8 ./IntegradorMayo16/src/FW_Inicializaciones/FW_InitExpansion2.o
 .group         0x00000000        0x8 ./IntegradorMayo16/src/FW_Inicializaciones/FW_InitExpansion2.o
 .group         0x00000000        0x8 ./IntegradorMayo16/src/FW_Inicializaciones/FW_InitExpansion2.o
 .group         0x00000000        0x8 ./IntegradorMayo16/src/FW_Inicializaciones/FW_InitExpansion2.o
 .group         0x00000000        0x8 ./IntegradorMayo16/src/FW_Inicializaciones/FW_InitExpansion2.o
 .group         0x00000000        0x8 ./IntegradorMayo16/src/FW_Inicializaciones/FW_InitExpansion2.o
 .group         0x00000000        0x8 ./IntegradorMayo16/src/FW_Inicializaciones/FW_InitExpansion2.o
 .group         0x00000000        0x8 ./IntegradorMayo16/src/FW_Inicializaciones/FW_InitExpansion2.o
 .group         0x00000000        0x8 ./IntegradorMayo16/src/FW_Inicializaciones/FW_InitExpansion2.o
 .group         0x00000000        0x8 ./IntegradorMayo16/src/FW_Inicializaciones/FW_InitExpansion2.o
 .group         0x00000000        0x8 ./IntegradorMayo16/src/FW_Inicializaciones/FW_InitExpansion2.o
 .group         0x00000000        0x8 ./IntegradorMayo16/src/FW_Inicializaciones/FW_InitExpansion2.o
 .group         0x00000000        0x8 ./IntegradorMayo16/src/FW_Inicializaciones/FW_InitExpansion2.o
 .group         0x00000000        0x8 ./IntegradorMayo16/src/FW_Inicializaciones/FW_InitExpansion2.o
 .text          0x00000000        0x0 ./IntegradorMayo16/src/FW_Inicializaciones/FW_InitExpansion2.o
 .data          0x00000000        0x0 ./IntegradorMayo16/src/FW_Inicializaciones/FW_InitExpansion2.o
 .bss           0x00000000        0x0 ./IntegradorMayo16/src/FW_Inicializaciones/FW_InitExpansion2.o
 .group         0x00000000        0x8 ./IntegradorMayo16/src/FW_Inicializaciones/FW_InitGPIOBaseBoard.o
 .group         0x00000000        0x8 ./IntegradorMayo16/src/FW_Inicializaciones/FW_InitGPIOBaseBoard.o
 .group         0x00000000        0x8 ./IntegradorMayo16/src/FW_Inicializaciones/FW_InitGPIOBaseBoard.o
 .group         0x00000000        0x8 ./IntegradorMayo16/src/FW_Inicializaciones/FW_InitGPIOBaseBoard.o
 .group         0x00000000        0x8 ./IntegradorMayo16/src/FW_Inicializaciones/FW_InitGPIOBaseBoard.o
 .group         0x00000000        0x8 ./IntegradorMayo16/src/FW_Inicializaciones/FW_InitGPIOBaseBoard.o
 .group         0x00000000        0x8 ./IntegradorMayo16/src/FW_Inicializaciones/FW_InitGPIOBaseBoard.o
 .group         0x00000000        0x8 ./IntegradorMayo16/src/FW_Inicializaciones/FW_InitGPIOBaseBoard.o
 .group         0x00000000        0x8 ./IntegradorMayo16/src/FW_Inicializaciones/FW_InitGPIOBaseBoard.o
 .group         0x00000000        0x8 ./IntegradorMayo16/src/FW_Inicializaciones/FW_InitGPIOBaseBoard.o
 .group         0x00000000        0x8 ./IntegradorMayo16/src/FW_Inicializaciones/FW_InitGPIOBaseBoard.o
 .group         0x00000000        0x8 ./IntegradorMayo16/src/FW_Inicializaciones/FW_InitGPIOBaseBoard.o
 .group         0x00000000        0x8 ./IntegradorMayo16/src/FW_Inicializaciones/FW_InitGPIOBaseBoard.o
 .group         0x00000000        0x8 ./IntegradorMayo16/src/FW_Inicializaciones/FW_InitGPIOBaseBoard.o
 .group         0x00000000        0x8 ./IntegradorMayo16/src/FW_Inicializaciones/FW_InitGPIOBaseBoard.o
 .group         0x00000000        0x8 ./IntegradorMayo16/src/FW_Inicializaciones/FW_InitGPIOBaseBoard.o
 .group         0x00000000        0x8 ./IntegradorMayo16/src/FW_Inicializaciones/FW_InitGPIOBaseBoard.o
 .group         0x00000000        0x8 ./IntegradorMayo16/src/FW_Inicializaciones/FW_InitGPIOBaseBoard.o
 .group         0x00000000        0x8 ./IntegradorMayo16/src/FW_Inicializaciones/FW_InitGPIOBaseBoard.o
 .group         0x00000000        0x8 ./IntegradorMayo16/src/FW_Inicializaciones/FW_InitGPIOBaseBoard.o
[...]
Memory Configuration

Name             Origin             Length             Attributes
MFlash512        0x00000000         0x00080000         xr
RamLoc32         0x10000000         0x00008000         xrw
RamAHB32         0x2007c000         0x00008000         xrw
*default*        0x00000000         0xffffffff

Linker script and memory map

LOAD ./IntegradorMayo16/src/FW_Inicializaciones/FW_InitExpansion2.o
LOAD ./IntegradorMayo16/src/FW_Inicializaciones/FW_InitGPIOBaseBoard.o
LOAD ./IntegradorMayo16/src/FW_Inicializaciones/FW_InitKit_principal.o
LOAD ./IntegradorMayo16/src/FW_Inicializaciones/FW_InitOscilador.o
LOAD ./IntegradorMayo16/src/FW_Inicializaciones/crp.o
LOAD ./IntegradorMayo16/src/FW_Drivers/FW_7Seg.o
LOAD ./IntegradorMayo16/src/FW_Drivers/FW_GPIO.o
LOAD ./IntegradorMayo16/src/FW_Drivers/FW_LCD.o
LOAD ./IntegradorMayo16/src/FW_Drivers/FW_Systick.o
LOAD ./IntegradorMayo16/src/FW_Drivers/FW_Timers.o
LOAD ./IntegradorMayo16/src/FW_Drivers/KitInfo2FW_Teclado.o
LOAD ./IntegradorMayo16/src/FW_Drivers/PR_7Seg.o
LOAD ./IntegradorMayo16/src/FW_Drivers/cr_startup_lpc176x.o
LOAD ./IntegradorMayo16/src/IntegradorMayo16.o
LOAD ./IntegradorMayo16/src/ff.o
LOAD ./IntegradorMayo16/src/ffsystem.o
LOAD ./IntegradorMayo16/src/ffunicode.o
LOAD ./IntegradorMayo16/src/mmc_ssp.o
LOAD ./IntegradorMayo16/src/rtc176x.o
LOAD ./IntegradorMayo16/src/sound.o
LOAD ./IntegradorMayo16/src/startup176x.o
LOAD ./IntegradorMayo16/src/uart176x.o
LOAD ./IntegradorMayo16/src/xprintf.o
START GROUP
LOAD c:/nxp/lpcxpresso_8.2.2_650/lpcxpresso/tools/bin/../lib/gcc/arm-none-eabi/5.4.1/../../../../arm-none-eabi/lib/armv7-m\libcr_c.a
LOAD c:/nxp/lpcxpresso_8.2.2_650/lpcxpresso/tools/bin/../lib/gcc/arm-none-eabi/5.4.1/armv7-m\libcr_eabihelpers.a
END GROUP
                0x00000000                __base_MFlash512 = 0x0
                0x00000000                __base_Flash = 0x0
                0x00080000                __top_MFlash512 = 0x80000
                0x00080000                __top_Flash = 0x80000
                0x10000000                __base_RamLoc32 = 0x10000000
                0x10000000                __base_RAM = 0x10000000
                0x10008000                __top_RamLoc32 = 0x10008000
                0x10008000                __top_RAM = 0x10008000
                0x2007c000                __base_RamAHB32 = 0x2007c000
                0x2007c000                __base_RAM2 = 0x2007c000
                0x20084000                __top_RamAHB32 = 0x20084000
                0x20084000                __top_RAM2 = 0x20084000

.text           0x00000000    0x13dc4
 FILL mask 0xff
                0x00000000                __vectors_start__ = ABSOLUTE (.)
 *(.isr_vector)
 .isr_vector    0x00000000       0xcc ./IntegradorMayo16/src/FW_Drivers/cr_startup_lpc176x.o
                0x00000000                g_pfnVectors
                0x000000cc                . = ALIGN (0x4)
                0x000000cc                __section_table_start = .
                0x000000cc                __data_section_table = .
                0x000000cc        0x4 LONG 0x13dc4 LOADADDR (.data)
                0x000000d0        0x4 LONG 0x10000000 ADDR (.data)
                0x000000d4        0x4 LONG 0x18 SIZEOF (.data)
                0x000000d8        0x4 LONG 0x13dc4 LOADADDR (.data_RAM2)
                0x000000dc        0x4 LONG 0x2007c000 ADDR (.data_RAM2)
                0x000000e0        0x4 LONG 0x0 SIZEOF (.data_RAM2)
                0x000000e4                __data_section_table_end = .
                0x000000e4                __bss_section_table = .
                0x000000e4        0x4 LONG 0x10000018 ADDR (.bss)
                0x000000e8        0x4 LONG 0x1200 SIZEOF (.bss)
                0x000000ec        0x4 LONG 0x2007c000 ADDR (.bss_RAM2)
                0x000000f0        0x4 LONG 0x0 SIZEOF (.bss_RAM2)
                0x000000f4                __bss_section_table_end = .
                0x000000f4                __section_table_end = .
 *(.after_vectors*)
 .after_vectors
                0x000000f4      0x140 ./IntegradorMayo16/src/FW_Drivers/cr_startup_lpc176x.o
                0x000000f4                data_init
                0x00000138                bss_init
                0x00000170                ResetISR
                0x000001e4                NMI_Handler
                0x000001ec                HardFault_Handler
                0x000001f4                MemManage_Handler
                0x000001fc                BusFault_Handler
                0x00000204                UsageFault_Handler
                0x0000020c                SVCall_Handler
                0x00000214                DebugMon_Handler
                0x0000021c                PendSV_Handler
                0x0000022c                EINT2_IRQHandler
                0x0000022c                UART1_IRQHandler
                0x0000022c                EINT3_IRQHandler
                0x0000022c                CANActivity_IRQHandler
                0x0000022c                PWM1_IRQHandler
                0x0000022c                USBActivity_IRQHandler
                0x0000022c                IntDefaultHandler
                0x0000022c                PLL0_IRQHandler
                0x0000022c                CAN_IRQHandler
                0x0000022c                I2C0_IRQHandler
                0x0000022c                SSP0_IRQHandler
                0x0000022c                I2C1_IRQHandler
                0x0000022c                I2C2_IRQHandler
                0x0000022c                RTC_IRQHandler
                0x0000022c                SPI_IRQHandler
                0x0000022c                RIT_IRQHandler
                0x0000022c                EINT1_IRQHandler
                0x0000022c                TIMER1_IRQHandler
                0x0000022c                UART2_IRQHandler
                0x0000022c                ADC_IRQHandler
                0x0000022c                SSP1_IRQHandler
                0x0000022c                USB_IRQHandler
                0x0000022c                BOD_IRQHandler
                0x0000022c                I2S_IRQHandler
                0x0000022c                WDT_IRQHandler
                0x0000022c                QEI_IRQHandler
                0x0000022c                EINT0_IRQHandler
                0x0000022c                TIMER2_IRQHandler
                0x0000022c                DMA_IRQHandler
                0x0000022c                PLL1_IRQHandler
                0x0000022c                UART3_IRQHandler
                0x0000022c                MCPWM_IRQHandler
                0x0000022c                ENET_IRQHandler
 *(.text*)
 .text.Inicializar_Display7s
                0x00000234      0x120 ./IntegradorMayo16/src/FW_Inicializaciones/FW_InitExpansion2.o
                0x00000234                Inicializar_Display7s
 .text.Inicializar_Relay
                0x00000354       0x78 ./IntegradorMayo16/src/FW_Inicializaciones/FW_InitGPIOBaseBoard.o
                0x00000354                Inicializar_Relay
 .text.Inicializar_Teclado
                0x000003cc       0x8c ./IntegradorMayo16/src/FW_Inicializaciones/FW_InitKit_principal.o
                0x000003cc                Inicializar_Teclado
 .text.Init_Dac
                0x00000458       0x44 ./IntegradorMayo16/src/FW_Inicializaciones/FW_InitKit_principal.o
                0x00000458                Init_Dac
 .text.InicSysTick
                0x0000049c       0x40 ./IntegradorMayo16/src/FW_Inicializaciones/FW_InitKit_principal.o
                0x0000049c                InicSysTick
 .text.InicTimer0
                0x000004dc       0xd8 ./IntegradorMayo16/src/FW_Inicializaciones/FW_InitKit_principal.o
                0x000004dc                InicTimer0
 .text.PrenderTimer0
                0x000005b4       0x34 ./IntegradorMayo16/src/FW_Inicializaciones/FW_InitKit_principal.o
                0x000005b4                PrenderTimer0
 .text.ApagarTimer0
                0x000005e8       0x28 ./IntegradorMayo16/src/FW_Inicializaciones/FW_InitKit_principal.o
                0x000005e8                ApagarTimer0
 .text.InicializarKit
                0x00000610       0x78 ./IntegradorMayo16/src/FW_Inicializaciones/FW_InitKit_principal.o
                0x00000610                InicializarKit
 .text.InicPLL  0x00000688      0x140 ./IntegradorMayo16/src/FW_Inicializaciones/FW_InitOscilador.o
                0x00000688                InicPLL
 .text.BarridoDisplay
                0x000007c8      0x1a0 ./IntegradorMayo16/src/FW_Drivers/FW_7Seg.o
                0x000007c8                BarridoDisplay
 .text.Write_Dac
                0x00000968       0x24 ./IntegradorMayo16/src/FW_Drivers/FW_GPIO.o
                0x00000968                Write_Dac
 .text.SetPINSEL
                0x0000098c       0x88 ./IntegradorMayo16/src/FW_Drivers/FW_GPIO.o
                0x0000098c                SetPINSEL
 .text.SetPINMODE
                0x00000a14       0x7c ./IntegradorMayo16/src/FW_Drivers/FW_GPIO.o
                0x00000a14                SetPINMODE
 .text.SetDIR   0x00000a90       0x70 ./IntegradorMayo16/src/FW_Drivers/FW_GPIO.o
                0x00000a90                SetDIR
 .text.SetPIN   0x00000b00       0x74 ./IntegradorMayo16/src/FW_Drivers/FW_GPIO.o
                0x00000b00                SetPIN
 .text.GetPIN   0x00000b74       0x4c ./IntegradorMayo16/src/FW_Drivers/FW_GPIO.o
                0x00000b74                GetPIN
 .text.SetMODE_OD
                0x00000bc0       0x60 ./IntegradorMayo16/src/FW_Drivers/FW_GPIO.o
                0x00000bc0                SetMODE_OD
 .text.LCDWaitLong
                0x00000c20       0x40 ./IntegradorMayo16/src/FW_Drivers/FW_LCD.o
                0x00000c20                LCDWaitLong
 .text.LCDWaitShort
                0x00000c60       0x40 ./IntegradorMayo16/src/FW_Drivers/FW_LCD.o
                0x00000c60                LCDWaitShort
 .text.LCDDelay
                0x00000ca0       0x28 ./IntegradorMayo16/src/FW_Drivers/FW_LCD.o
                0x00000ca0                LCDDelay
 .text.LatchLcd
                0x00000cc8       0x34 ./IntegradorMayo16/src/FW_Drivers/FW_LCD.o
                0x00000cc8                LatchLcd
 .text.Inic_PinesLCD
                0x00000cfc       0xf8 ./IntegradorMayo16/src/FW_Drivers/FW_LCD.o
                0x00000cfc                Inic_PinesLCD
 .text.WComando8
                0x00000df4       0xd8 ./IntegradorMayo16/src/FW_Drivers/FW_LCD.o
                0x00000df4                WComando8
 .text.WComando4
                0x00000ecc       0x78 ./IntegradorMayo16/src/FW_Drivers/FW_LCD.o
                0x00000ecc                WComando4
 .text.WDato    0x00000f44       0xd8 ./IntegradorMayo16/src/FW_Drivers/FW_LCD.o
                0x00000f44                WDato
 .text.WString  0x0000101c       0x28 ./IntegradorMayo16/src/FW_Drivers/FW_LCD.o
                0x0000101c                WString
 .text.Inic_LCD
                0x00001044       0x80 ./IntegradorMayo16/src/FW_Drivers/FW_LCD.o
                0x00001044                Inic_LCD
 .text.SysTick_Handler
                0x000010c4       0xc4 ./IntegradorMayo16/src/FW_Drivers/FW_Systick.o
                0x000010c4                SysTick_Handler
 .text.TIMER0_IRQHandler
                0x00001188       0xe4 ./IntegradorMayo16/src/FW_Drivers/FW_Timers.o
                0x00001188                TIMER0_IRQHandler
 .text.AnteriorTema
                0x0000126c       0xd4 ./IntegradorMayo16/src/FW_Drivers/FW_Timers.o
                0x0000126c                AnteriorTema
 .text.SiguienteTema
                0x00001340       0xd4 ./IntegradorMayo16/src/FW_Drivers/FW_Timers.o
                0x00001340                SiguienteTema
 .text.ArrancarReproduccion
                0x00001414       0x30 ./IntegradorMayo16/src/FW_Drivers/FW_Timers.o
                0x00001414                ArrancarReproduccion
 .text.PausarReproduccion
                0x00001444       0x38 ./IntegradorMayo16/src/FW_Drivers/FW_Timers.o
                0x00001444                PausarReproduccion
 .text.getkey   0x0000147c       0x24 ./IntegradorMayo16/src/FW_Drivers/KitInfo2FW_Teclado.o
                0x0000147c                getkey
 .text.DriverTeclado
                0x000014a0       0x20 ./IntegradorMayo16/src/FW_Drivers/KitInfo2FW_Teclado.o
                0x000014a0                DriverTeclado
 .text.TecladoSW
                0x000014c0       0xc0 ./IntegradorMayo16/src/FW_Drivers/KitInfo2FW_Teclado.o
                0x000014c0                TecladoSW
 .text.TecladoHW
                0x00001580       0x78 ./IntegradorMayo16/src/FW_Drivers/KitInfo2FW_Teclado.o
                0x00001580                TecladoHW
 .text.Display  0x000015f8       0xdc ./IntegradorMayo16/src/FW_Drivers/PR_7Seg.o
                0x000015f8                Display
 .text.FileList_Fill
                0x000016d4       0x64 ./IntegradorMayo16/src/IntegradorMayo16.o
                0x000016d4                FileList_Fill
 .text.main     0x00001738      0x27c ./IntegradorMayo16/src/IntegradorMayo16.o
                0x00001738                main
 .text.ld_word  0x000019b4       0x30 ./IntegradorMayo16/src/ff.o
 .text.ld_dword
                0x000019e4       0x44 ./IntegradorMayo16/src/ff.o
 .text.st_word  0x00001a28       0x34 ./IntegradorMayo16/src/ff.o
 .text.st_dword
                0x00001a5c       0x58 ./IntegradorMayo16/src/ff.o
 .text.mem_cpy  0x00001ab4       0x40 ./IntegradorMayo16/src/ff.o
 .text.mem_set  0x00001af4       0x34 ./IntegradorMayo16/src/ff.o
 .text.mem_cmp  0x00001b28       0x4c ./IntegradorMayo16/src/ff.o
 .text.chk_chr  0x00001b74       0x34 ./IntegradorMayo16/src/ff.o
 .text.dbc_1st  0x00001ba8       0x40 ./IntegradorMayo16/src/ff.o
 .text.dbc_2nd  0x00001be8       0x54 ./IntegradorMayo16/src/ff.o
 .text.tchar2uni
                0x00001c3c       0x8c ./IntegradorMayo16/src/ff.o
 .text.put_utf  0x00001cc8       0x70 ./IntegradorMayo16/src/ff.o
 .text.sync_window
                0x00001d38       0x78 ./IntegradorMayo16/src/ff.o
 .text.move_window
                0x00001db0       0x5c ./IntegradorMayo16/src/ff.o
 .text.clst2sect
                0x00001e0c       0x3c ./IntegradorMayo16/src/ff.o
 .text.get_fat  0x00001e48      0x14c ./IntegradorMayo16/src/ff.o
 .text.put_fat  0x00001f94      0x1d4 ./IntegradorMayo16/src/ff.o
 .text.remove_chain
                0x00002168       0xcc ./IntegradorMayo16/src/ff.o
 .text.create_chain
                0x00002234      0x1a4 ./IntegradorMayo16/src/ff.o
 .text.dir_clear
                0x000023d8       0x90 ./IntegradorMayo16/src/ff.o
 .text.dir_sdi  0x00002468       0xf8 ./IntegradorMayo16/src/ff.o
 .text.dir_next
                0x00002560      0x128 ./IntegradorMayo16/src/ff.o
 .text.dir_alloc
                0x00002688       0x90 ./IntegradorMayo16/src/ff.o
 .text.ld_clust
                0x00002718       0x40 ./IntegradorMayo16/src/ff.o
 .text.st_clust
                0x00002758       0x40 ./IntegradorMayo16/src/ff.o
 .text.cmp_lfn  0x00002798       0xdc ./IntegradorMayo16/src/ff.o
 .text.pick_lfn
                0x00002874       0xc8 ./IntegradorMayo16/src/ff.o
 .text.put_lfn  0x0000293c       0xd0 ./IntegradorMayo16/src/ff.o
 .text.gen_numname
                0x00002a0c      0x144 ./IntegradorMayo16/src/ff.o
 .text.sum_sfn  0x00002b50       0x40 ./IntegradorMayo16/src/ff.o
 .text.dir_read
                0x00002b90      0x150 ./IntegradorMayo16/src/ff.o
 .text.dir_find
                0x00002ce0      0x180 ./IntegradorMayo16/src/ff.o
 .text.dir_register
                0x00002e60      0x1f0 ./IntegradorMayo16/src/ff.o
 .text.get_fileinfo
                0x00003050      0x22c ./IntegradorMayo16/src/ff.o
 .text.create_name
                0x0000327c      0x430 ./IntegradorMayo16/src/ff.o
 .text.follow_path
                0x000036ac      0x11c ./IntegradorMayo16/src/ff.o
 .text.get_ldnumber
                0x000037c8       0x90 ./IntegradorMayo16/src/ff.o
 .text.check_fs
                0x00003858       0xac ./IntegradorMayo16/src/ff.o
 .text.find_volume
                0x00003904      0x4c0 ./IntegradorMayo16/src/ff.o
 .text.validate
                0x00003dc4       0x6c ./IntegradorMayo16/src/ff.o
 .text.f_mount  0x00003e30       0x80 ./IntegradorMayo16/src/ff.o
                0x00003e30                f_mount
 .text.f_open   0x00003eb0      0x2f4 ./IntegradorMayo16/src/ff.o
                0x00003eb0                f_open
 .text.f_read   0x000041a4      0x268 ./IntegradorMayo16/src/ff.o
                0x000041a4                f_read
 .text.f_opendir
                0x0000440c       0xb4 ./IntegradorMayo16/src/ff.o
                0x0000440c                f_opendir
 .text.f_readdir
                0x000044c0       0x7c ./IntegradorMayo16/src/ff.o
                0x000044c0                f_readdir
 .text.ff_uni2oem
                0x0000453c       0xb0 ./IntegradorMayo16/src/ffunicode.o
                0x0000453c                ff_uni2oem
 .text.ff_oem2uni
                0x000045ec       0xa8 ./IntegradorMayo16/src/ffunicode.o
                0x000045ec                ff_oem2uni
 .text.ff_wtoupper
                0x00004694      0x120 ./IntegradorMayo16/src/ffunicode.o
                0x00004694                ff_wtoupper
 .text.xchg_spi
                0x000047b4       0x38 ./IntegradorMayo16/src/mmc_ssp.o
 .text.rcvr_spi_multi
                0x000047ec       0xe4 ./IntegradorMayo16/src/mmc_ssp.o
 .text.xmit_spi_multi
                0x000048d0       0xe4 ./IntegradorMayo16/src/mmc_ssp.o
 .text.wait_ready
                0x000049b4       0x40 ./IntegradorMayo16/src/mmc_ssp.o
 .text.deselect
                0x000049f4       0x18 ./IntegradorMayo16/src/mmc_ssp.o
 .text.select   0x00004a0c       0x30 ./IntegradorMayo16/src/mmc_ssp.o
 .text.power_on
                0x00004a3c       0xb0 ./IntegradorMayo16/src/mmc_ssp.o
 .text.power_off
                0x00004aec       0x10 ./IntegradorMayo16/src/mmc_ssp.o
 .text.rcvr_datablock
                0x00004afc       0x54 ./IntegradorMayo16/src/mmc_ssp.o
 .text.xmit_datablock
                0x00004b50       0x68 ./IntegradorMayo16/src/mmc_ssp.o
 .text.send_cmd
                0x00004bb8       0xe0 ./IntegradorMayo16/src/mmc_ssp.o
 .text.disk_initialize
                0x00004c98      0x1b4 ./IntegradorMayo16/src/mmc_ssp.o
                0x00004c98                disk_initialize
 .text.disk_status
                0x00004e4c       0x28 ./IntegradorMayo16/src/mmc_ssp.o
                0x00004e4c                disk_status
 .text.disk_read
                0x00004e74       0xb8 ./IntegradorMayo16/src/mmc_ssp.o
                0x00004e74                disk_read
 .text.disk_write
                0x00004f2c       0xf8 ./IntegradorMayo16/src/mmc_ssp.o
                0x00004f2c                disk_write
 .text.disk_timerproc
                0x00005024       0x68 ./IntegradorMayo16/src/mmc_ssp.o
                0x00005024                disk_timerproc
 .text.TIMER3_IRQHandler
                0x0000508c      0x1ac ./IntegradorMayo16/src/sound.o
                0x0000508c                TIMER3_IRQHandler
 .text.UART0_IRQHandler
                0x00005238      0x12c ./IntegradorMayo16/src/uart176x.o
                0x00005238                UART0_IRQHandler
 .text.__weak_main
                0x00005364        0x4 c:/nxp/lpcxpresso_8.2.2_650/lpcxpresso/tools/bin/../lib/gcc/arm-none-eabi/5.4.1/../../../../arm-none-eabi/lib/armv7-m\libcr_c.a(__weak__main.o)
                0x00005364                __weak_main
                0x00005364                __main
 .text.strcpy   0x00005368       0x42 c:/nxp/lpcxpresso_8.2.2_650/lpcxpresso/tools/bin/../lib/gcc/arm-none-eabi/5.4.1/../../../../arm-none-eabi/lib/armv7-m\libcr_c.a(strcpy.o)
                0x00005368                strcpy
 *(.rodata .rodata.* .constdata .constdata.*)
 *fill*         0x000053aa        0x2 ff
 .rodata        0x000053ac       0x11 ./IntegradorMayo16/src/IntegradorMayo16.o
 *fill*         0x000053bd        0x3 ff
 .rodata.LfnOfs
                0x000053c0        0xd ./IntegradorMayo16/src/ff.o
 *fill*         0x000053cd        0x3 ff
 .rodata        0x000053d0       0x54 ./IntegradorMayo16/src/ff.o
 .rodata.uni2oem932
                0x00005424     0x7378 ./IntegradorMayo16/src/ffunicode.o
 .rodata.oem2uni932
                0x0000c79c     0x7378 ./IntegradorMayo16/src/ffunicode.o
 .rodata.cvt1.3929
                0x00013b14      0x1f2 ./IntegradorMayo16/src/ffunicode.o
 *fill*         0x00013d06        0x2 ff
 .rodata.cvt2.3930
                0x00013d08       0xbc ./IntegradorMayo16/src/ffunicode.o
                0x00013dc4                . = ALIGN (0x4)

.glue_7         0x00013dc4        0x0
 .glue_7        0x00013dc4        0x0 linker stubs

.glue_7t        0x00013dc4        0x0
 .glue_7t       0x00013dc4        0x0 linker stubs

.vfp11_veneer   0x00013dc4        0x0
 .vfp11_veneer  0x00013dc4        0x0 linker stubs

.v4_bx          0x00013dc4        0x0
 .v4_bx         0x00013dc4        0x0 linker stubs

.iplt           0x00013dc4        0x0
 .iplt          0x00013dc4        0x0 ./IntegradorMayo16/src/FW_Inicializaciones/FW_InitExpansion2.o

.rel.dyn        0x00013dc4        0x0
 .rel.iplt      0x00013dc4        0x0 ./IntegradorMayo16/src/FW_Inicializaciones/FW_InitExpansion2.o

.ARM.extab
 *(.ARM.extab* .gnu.linkonce.armextab.*)
                0x00013dc4                __exidx_start = .

.ARM.exidx
 *(.ARM.exidx* .gnu.linkonce.armexidx.*)
                0x00013dc4                __exidx_end = .
                0x00013dc4                _etext = .

.data_RAM2      0x2007c000        0x0 load address 0x00013dc4
 FILL mask 0xff
                [!provide]                PROVIDE (__start_data_RAM2, .)
 *(.ramfunc.$RAM2)
 *(.ramfunc.$RamAHB32)
 *(.data.$RAM2*)
 *(.data.$RamAHB32*)
                0x2007c000                . = ALIGN (0x4)
                [!provide]                PROVIDE (__end_data_RAM2, .)

.uninit_RESERVED
                0x10000000        0x0
 *(.bss.$RESERVED*)
                0x10000000                . = ALIGN (0x4)
                0x10000000                _end_uninit_RESERVED = .

.data           0x10000000       0x18 load address 0x00013dc4
 FILL mask 0xff
                0x10000000                _data = .
 *(vtable)
 *(.ramfunc*)
 *(.data*)
 .data.codAnt.4564
                0x10000000        0x1 ./IntegradorMayo16/src/FW_Drivers/KitInfo2FW_Teclado.o
 *fill*         0x10000001        0x3 ff
 .data.Tabla_Digitos_BCD_7seg
                0x10000004        0xa ./IntegradorMayo16/src/FW_Drivers/PR_7Seg.o
                0x10000004                Tabla_Digitos_BCD_7seg
 .data.buffKey  0x1000000e        0x1 ./IntegradorMayo16/src/IntegradorMayo16.o
                0x1000000e                buffKey
 .data.tecla    0x1000000f        0x1 ./IntegradorMayo16/src/IntegradorMayo16.o
                0x1000000f                tecla
 .data.f_tick_rtc
                0x10000010        0x4 ./IntegradorMayo16/src/IntegradorMayo16.o
                0x10000010                f_tick_rtc
 .data.Stat     0x10000014        0x1 ./IntegradorMayo16/src/mmc_ssp.o
                0x10000018                . = ALIGN (0x4)
 *fill*         0x10000015        0x3 ff
                0x10000018                _edata = .

.igot.plt       0x10000018        0x0 load address 0x00013ddc
 .igot.plt      0x10000018        0x0 ./IntegradorMayo16/src/FW_Inicializaciones/FW_InitExpansion2.o

.bss_RAM2       0x2007c000        0x0
                [!provide]                PROVIDE (__start_bss_RAM2, .)
 *(.bss.$RAM2*)
 *(.bss.$RamAHB32*)
                0x2007c000                . = ALIGN ((. != 0x0)?0x4:0x1)
                [!provide]                PROVIDE (__end_bss_RAM2, .)

.bss            0x10000018     0x1200
                0x10000018                _bss = .
 *(.bss*)
 .bss.digito.4556
                0x10000018        0x1 ./IntegradorMayo16/src/FW_Drivers/FW_7Seg.o
 *fill*         0x10000019        0x1 
 .bss.prueba.4561
                0x1000001a        0x2 ./IntegradorMayo16/src/FW_Drivers/FW_Systick.o
 .bss.actual.4563
                0x1000001c        0x1 ./IntegradorMayo16/src/FW_Drivers/FW_Timers.o
 *fill*         0x1000001d        0x3 
 .bss.i.4562    0x10000020        0x4 ./IntegradorMayo16/src/FW_Drivers/FW_Timers.o
 .bss.cont.4565
                0x10000024        0x4 ./IntegradorMayo16/src/FW_Drivers/FW_Timers.o
 .bss.estado.4565
                0x10000028        0x1 ./IntegradorMayo16/src/FW_Drivers/KitInfo2FW_Teclado.o
 *fill*         0x10000029        0x3 
 .bss.msgDisplay
                0x1000002c        0x6 ./IntegradorMayo16/src/IntegradorMayo16.o
                0x1000002c                msgDisplay
 *fill*         0x10000032        0x2 
 .bss.Finfo     0x10000034      0x118 ./IntegradorMayo16/src/IntegradorMayo16.o
                0x10000034                Finfo
 .bss.FatFs     0x1000014c      0x238 ./IntegradorMayo16/src/IntegradorMayo16.o
                0x1000014c                FatFs
 .bss.File      0x10000384      0x228 ./IntegradorMayo16/src/IntegradorMayo16.o
                0x10000384                File
 .bss.Dir       0x100005ac       0x30 ./IntegradorMayo16/src/IntegradorMayo16.o
                0x100005ac                Dir
 .bss.FileList  0x100005dc      0x104 ./IntegradorMayo16/src/IntegradorMayo16.o
                0x100005dc                FileList
 .bss.MAX_FILE  0x100006e0        0x1 ./IntegradorMayo16/src/IntegradorMayo16.o
                0x100006e0                MAX_FILE
 .bss.estado    0x100006e1        0x1 ./IntegradorMayo16/src/IntegradorMayo16.o
                0x100006e1                estado
 *fill*         0x100006e2        0x2 
 .bss.bufferswav
                0x100006e4      0x800 ./IntegradorMayo16/src/IntegradorMayo16.o
                0x100006e4                bufferswav
 .bss.cant      0x10000ee4        0x4 ./IntegradorMayo16/src/IntegradorMayo16.o
                0x10000ee4                cant
 .bss.ArchivoActual
                0x10000ee8        0x1 ./IntegradorMayo16/src/IntegradorMayo16.o
                0x10000ee8                ArchivoActual
 .bss.delayteclado
                0x10000ee9        0x1 ./IntegradorMayo16/src/IntegradorMayo16.o
                0x10000ee9                delayteclado
 *fill*         0x10000eea        0x2 
 .bss.demoraLCD
                0x10000eec        0x4 ./IntegradorMayo16/src/IntegradorMayo16.o
                0x10000eec                demoraLCD
 .bss.FatFs     0x10000ef0        0x4 ./IntegradorMayo16/src/ff.o
 .bss.Fsid      0x10000ef4        0x2 ./IntegradorMayo16/src/ff.o
 *fill*         0x10000ef6        0x2 
 .bss.LfnBuf    0x10000ef8      0x200 ./IntegradorMayo16/src/ff.o
 .bss.Timer1    0x100010f8        0x4 ./IntegradorMayo16/src/mmc_ssp.o
 .bss.Timer2    0x100010fc        0x4 ./IntegradorMayo16/src/mmc_ssp.o
 .bss.CardType  0x10001100        0x1 ./IntegradorMayo16/src/mmc_ssp.o
 *fill*         0x10001101        0x3 
 .bss.WavFifo   0x10001104        0x4 ./IntegradorMayo16/src/sound.o
 .bss.TxBuff0   0x10001108       0x88 ./IntegradorMayo16/src/uart176x.o
 .bss.RxBuff0   0x10001190       0x86 ./IntegradorMayo16/src/uart176x.o
 *(COMMON)
                0x10001218                . = ALIGN (0x4)
 *fill*         0x10001216        0x2 
                0x10001218                _ebss = .
                [!provide]                PROVIDE (end, .)

.noinit_RAM2    0x2007c000        0x0
 *(.noinit.$RAM2*)
 *(.noinit.$RamAHB32*)
                0x2007c000                . = ALIGN (0x4)

.noinit         0x10001218        0x0
                0x10001218                _noinit = .
 *(.noinit*)
                0x10001218                . = ALIGN (0x4)
                0x10001218                _end_noinit = .
                [!provide]                PROVIDE (_pvHeapStart, DEFINED (__user_heap_base)?__user_heap_base:.)
                0x10008000                PROVIDE (_vStackTop, DEFINED (__user_stack_top)?__user_stack_top:(__top_RamLoc32 - 0x0))
                [!provide]                PROVIDE (__valid_user_code_checksum, (0x0 - ((((((_vStackTop + (ResetISR + 0x1)) + (NMI_Handler + 0x1)) + (HardFault_Handler + 0x1)) + (DEFINED (MemManage_Handler)?MemManage_Handler:0x0 + 0x1)) + (DEFINED (BusFault_Handler)?BusFault_Handler:0x0 + 0x1)) + (DEFINED (UsageFault_Handler)?UsageFault_Handler:0x0 + 0x1))))
OUTPUT(TPO_MP3.axf elf32-littlearm)

.debug_info     0x00000000     0x50b9
 .debug_info    0x00000000       0x96 ./IntegradorMayo16/src/FW_Inicializaciones/FW_InitExpansion2.o
 .debug_info    0x00000096       0xb8 ./IntegradorMayo16/src/FW_Inicializaciones/FW_InitGPIOBaseBoard.o
 .debug_info    0x0000014e      0x240 ./IntegradorMayo16/src/FW_Inicializaciones/FW_InitKit_principal.o
 .debug_info    0x0000038e       0x88 ./IntegradorMayo16/src/FW_Inicializaciones/FW_InitOscilador.o
 .debug_info    0x00000416       0xe5 ./IntegradorMayo16/src/FW_Drivers/FW_7Seg.o
 .debug_info    0x000004fb      0x2b8 ./IntegradorMayo16/src/FW_Drivers/FW_GPIO.o
 .debug_info    0x000007b3      0x321 ./IntegradorMayo16/src/FW_Drivers/FW_LCD.o
 .debug_info    0x00000ad4       0xf8 ./IntegradorMayo16/src/FW_Drivers/FW_Systick.o
 .debug_info    0x00000bcc      0x3f2 ./IntegradorMayo16/src/FW_Drivers/FW_Timers.o
 .debug_info    0x00000fbe      0x173 ./IntegradorMayo16/src/FW_Drivers/KitInfo2FW_Teclado.o
 .debug_info    0x00001131      0x20d ./IntegradorMayo16/src/FW_Drivers/PR_7Seg.o
 .debug_info    0x0000133e      0x250 ./IntegradorMayo16/src/FW_Drivers/cr_startup_lpc176x.o
 .debug_info    0x0000158e      0x76e ./IntegradorMayo16/src/IntegradorMayo16.o
 .debug_info    0x00001cfc     0x2387 ./IntegradorMayo16/src/ff.o
 .debug_info    0x00004083      0x2cc ./IntegradorMayo16/src/ffunicode.o
 .debug_info    0x0000434f      0x5d1 ./IntegradorMayo16/src/mmc_ssp.o
 .debug_info    0x00004920      0x581 ./IntegradorMayo16/src/sound.o
 .debug_info    0x00004ea1      0x218 ./IntegradorMayo16/src/uart176x.o

.debug_abbrev   0x00000000     0x10db
 .debug_abbrev  0x00000000       0x45 ./IntegradorMayo16/src/FW_Inicializaciones/FW_InitExpansion2.o
 .debug_abbrev  0x00000045       0x45 ./IntegradorMayo16/src/FW_Inicializaciones/FW_InitGPIOBaseBoard.o
 .debug_abbrev  0x0000008a       0xee ./IntegradorMayo16/src/FW_Inicializaciones/FW_InitKit_principal.o
 .debug_abbrev  0x00000178       0x45 ./IntegradorMayo16/src/FW_Inicializaciones/FW_InitOscilador.o
 .debug_abbrev  0x000001bd       0x89 ./IntegradorMayo16/src/FW_Drivers/FW_7Seg.o
 .debug_abbrev  0x00000246       0xd6 ./IntegradorMayo16/src/FW_Drivers/FW_GPIO.o
 .debug_abbrev  0x0000031c      0x154 ./IntegradorMayo16/src/FW_Drivers/FW_LCD.o
 .debug_abbrev  0x00000470       0x7b ./IntegradorMayo16/src/FW_Drivers/FW_Systick.o
 .debug_abbrev  0x000004eb      0x104 ./IntegradorMayo16/src/FW_Drivers/FW_Timers.o
 .debug_abbrev  0x000005ef       0xeb ./IntegradorMayo16/src/FW_Drivers/KitInfo2FW_Teclado.o
 .debug_abbrev  0x000006da      0x110 ./IntegradorMayo16/src/FW_Drivers/PR_7Seg.o
 .debug_abbrev  0x000007ea       0xf5 ./IntegradorMayo16/src/FW_Drivers/cr_startup_lpc176x.o
 .debug_abbrev  0x000008df      0x138 ./IntegradorMayo16/src/IntegradorMayo16.o
 .debug_abbrev  0x00000a17      0x18a ./IntegradorMayo16/src/ff.o
 .debug_abbrev  0x00000ba1       0xbd ./IntegradorMayo16/src/ffunicode.o
 .debug_abbrev  0x00000c5e      0x20c ./IntegradorMayo16/src/mmc_ssp.o
 .debug_abbrev  0x00000e6a      0x15e ./IntegradorMayo16/src/sound.o
 .debug_abbrev  0x00000fc8      0x113 ./IntegradorMayo16/src/uart176x.o

.debug_aranges  0x00000000      0x690
 .debug_aranges
                0x00000000       0x20 ./IntegradorMayo16/src/FW_Inicializaciones/FW_InitExpansion2.o
 .debug_aranges
                0x00000020       0x30 ./IntegradorMayo16/src/FW_Inicializaciones/FW_InitGPIOBaseBoard.o
 .debug_aranges
                0x00000050       0x60 ./IntegradorMayo16/src/FW_Inicializaciones/FW_InitKit_principal.o
 .debug_aranges
                0x000000b0       0x20 ./IntegradorMayo16/src/FW_Inicializaciones/FW_InitOscilador.o
 .debug_aranges
                0x000000d0       0x20 ./IntegradorMayo16/src/FW_Drivers/FW_7Seg.o
 .debug_aranges
                0x000000f0       0x58 ./IntegradorMayo16/src/FW_Drivers/FW_GPIO.o
 .debug_aranges
                0x00000148       0x80 ./IntegradorMayo16/src/FW_Drivers/FW_LCD.o
 .debug_aranges
                0x000001c8       0x20 ./IntegradorMayo16/src/FW_Drivers/FW_Systick.o
 .debug_aranges
                0x000001e8       0x40 ./IntegradorMayo16/src/FW_Drivers/FW_Timers.o
 .debug_aranges
                0x00000228       0x38 ./IntegradorMayo16/src/FW_Drivers/KitInfo2FW_Teclado.o
 .debug_aranges
                0x00000260       0x20 ./IntegradorMayo16/src/FW_Drivers/PR_7Seg.o
 .debug_aranges
                0x00000280       0x80 ./IntegradorMayo16/src/FW_Drivers/cr_startup_lpc176x.o
 .debug_aranges
                0x00000300       0x28 ./IntegradorMayo16/src/IntegradorMayo16.o
 .debug_aranges
                0x00000328      0x220 ./IntegradorMayo16/src/ff.o
 .debug_aranges
                0x00000548       0x30 ./IntegradorMayo16/src/ffunicode.o
 .debug_aranges
                0x00000578       0xa0 ./IntegradorMayo16/src/mmc_ssp.o
 .debug_aranges
                0x00000618       0x38 ./IntegradorMayo16/src/sound.o
 .debug_aranges
                0x00000650       0x40 ./IntegradorMayo16/src/uart176x.o

.debug_ranges   0x00000000      0x570
 .debug_ranges  0x00000000       0x10 ./IntegradorMayo16/src/FW_Inicializaciones/FW_InitExpansion2.o
 .debug_ranges  0x00000010       0x20 ./IntegradorMayo16/src/FW_Inicializaciones/FW_InitGPIOBaseBoard.o
 .debug_ranges  0x00000030       0x50 ./IntegradorMayo16/src/FW_Inicializaciones/FW_InitKit_principal.o
 .debug_ranges  0x00000080       0x10 ./IntegradorMayo16/src/FW_Inicializaciones/FW_InitOscilador.o
 .debug_ranges  0x00000090       0x10 ./IntegradorMayo16/src/FW_Drivers/FW_7Seg.o
 .debug_ranges  0x000000a0       0x48 ./IntegradorMayo16/src/FW_Drivers/FW_GPIO.o
 .debug_ranges  0x000000e8       0x70 ./IntegradorMayo16/src/FW_Drivers/FW_LCD.o
 .debug_ranges  0x00000158       0x10 ./IntegradorMayo16/src/FW_Drivers/FW_Systick.o
 .debug_ranges  0x00000168       0x30 ./IntegradorMayo16/src/FW_Drivers/FW_Timers.o
 .debug_ranges  0x00000198       0x28 ./IntegradorMayo16/src/FW_Drivers/KitInfo2FW_Teclado.o
 .debug_ranges  0x000001c0       0x10 ./IntegradorMayo16/src/FW_Drivers/PR_7Seg.o
 .debug_ranges  0x000001d0       0x70 ./IntegradorMayo16/src/FW_Drivers/cr_startup_lpc176x.o
 .debug_ranges  0x00000240       0x18 ./IntegradorMayo16/src/IntegradorMayo16.o
 .debug_ranges  0x00000258      0x210 ./IntegradorMayo16/src/ff.o
 .debug_ranges  0x00000468       0x20 ./IntegradorMayo16/src/ffunicode.o
 .debug_ranges  0x00000488       0x90 ./IntegradorMayo16/src/mmc_ssp.o
 .debug_ranges  0x00000518       0x28 ./IntegradorMayo16/src/sound.o
 .debug_ranges  0x00000540       0x30 ./IntegradorMayo16/src/uart176x.o

.debug_macro    0x00000000     0x4c0d
 .debug_macro   0x00000000      0x120 ./IntegradorMayo16/src/FW_Inicializaciones/FW_InitExpansion2.o
 .debug_macro   0x00000120      0x880 ./IntegradorMayo16/src/FW_Inicializaciones/FW_InitExpansion2.o
 .debug_macro   0x000009a0       0x76 ./IntegradorMayo16/src/FW_Inicializaciones/FW_InitExpansion2.o
 .debug_macro   0x00000a16       0x10 ./IntegradorMayo16/src/FW_Inicializaciones/FW_InitExpansion2.o
 .debug_macro   0x00000a26      0x12d ./IntegradorMayo16/src/FW_Inicializaciones/FW_InitExpansion2.o
 .debug_macro   0x00000b53      0x5b2 ./IntegradorMayo16/src/FW_Inicializaciones/FW_InitExpansion2.o
 .debug_macro   0x00001105     0x1c25 ./IntegradorMayo16/src/FW_Inicializaciones/FW_InitExpansion2.o
 .debug_macro   0x00002d2a       0x46 ./IntegradorMayo16/src/FW_Inicializaciones/FW_InitExpansion2.o
 .debug_macro   0x00002d70      0x16c ./IntegradorMayo16/src/FW_Inicializaciones/FW_InitExpansion2.o
 .debug_macro   0x00002edc       0xac ./IntegradorMayo16/src/FW_Inicializaciones/FW_InitExpansion2.o
 .debug_macro   0x00002f88       0x4c ./IntegradorMayo16/src/FW_Inicializaciones/FW_InitExpansion2.o
 .debug_macro   0x00002fd4       0x6a ./IntegradorMayo16/src/FW_Inicializaciones/FW_InitExpansion2.o
 .debug_macro   0x0000303e       0x40 ./IntegradorMayo16/src/FW_Inicializaciones/FW_InitExpansion2.o
 .debug_macro   0x0000307e       0xd0 ./IntegradorMayo16/src/FW_Inicializaciones/FW_InitExpansion2.o
 .debug_macro   0x0000314e       0xf8 ./IntegradorMayo16/src/FW_Inicializaciones/FW_InitExpansion2.o
 .debug_macro   0x00003246       0xef ./IntegradorMayo16/src/FW_Inicializaciones/FW_InitExpansion2.o
 .debug_macro   0x00003335       0x10 ./IntegradorMayo16/src/FW_Inicializaciones/FW_InitExpansion2.o
 .debug_macro   0x00003345       0x9a ./IntegradorMayo16/src/FW_Inicializaciones/FW_InitExpansion2.o
 .debug_macro   0x000033df       0x9a ./IntegradorMayo16/src/FW_Inicializaciones/FW_InitExpansion2.o
 .debug_macro   0x00003479       0xd6 ./IntegradorMayo16/src/FW_Inicializaciones/FW_InitExpansion2.o
 .debug_macro   0x0000354f       0x88 ./IntegradorMayo16/src/FW_Inicializaciones/FW_InitExpansion2.o
 .debug_macro   0x000035d7      0x120 ./IntegradorMayo16/src/FW_Inicializaciones/FW_InitGPIOBaseBoard.o
 .debug_macro   0x000036f7      0x120 ./IntegradorMayo16/src/FW_Inicializaciones/FW_InitKit_principal.o
 .debug_macro   0x00003817       0x54 ./IntegradorMayo16/src/FW_Inicializaciones/FW_InitOscilador.o
 .debug_macro   0x0000386b      0x120 ./IntegradorMayo16/src/FW_Drivers/FW_7Seg.o
 .debug_macro   0x0000398b      0x124 ./IntegradorMayo16/src/FW_Drivers/FW_GPIO.o
 .debug_macro   0x00003aaf       0x78 ./IntegradorMayo16/src/FW_Drivers/FW_LCD.o
 .debug_macro   0x00003b27      0x166 ./IntegradorMayo16/src/FW_Drivers/FW_LCD.o
 .debug_macro   0x00003c8d       0xd0 ./IntegradorMayo16/src/FW_Drivers/FW_LCD.o
 .debug_macro   0x00003d5d      0x120 ./IntegradorMayo16/src/FW_Drivers/FW_Systick.o
 .debug_macro   0x00003e7d      0x120 ./IntegradorMayo16/src/FW_Drivers/FW_Timers.o
 .debug_macro   0x00003f9d      0x120 ./IntegradorMayo16/src/FW_Drivers/KitInfo2FW_Teclado.o
 .debug_macro   0x000040bd      0x120 ./IntegradorMayo16/src/FW_Drivers/PR_7Seg.o
 .debug_macro   0x000041dd       0x1d ./IntegradorMayo16/src/FW_Drivers/cr_startup_lpc176x.o
 .debug_macro   0x000041fa      0x120 ./IntegradorMayo16/src/IntegradorMayo16.o
 .debug_macro   0x0000431a      0x4b0 ./IntegradorMayo16/src/ff.o
 .debug_macro   0x000047ca       0x3f ./IntegradorMayo16/src/ffunicode.o
 .debug_macro   0x00004809      0x15f ./IntegradorMayo16/src/mmc_ssp.o
 .debug_macro   0x00004968       0x1c ./IntegradorMayo16/src/mmc_ssp.o
 .debug_macro   0x00004984       0xb8 ./IntegradorMayo16/src/mmc_ssp.o
 .debug_macro   0x00004a3c       0xdd ./IntegradorMayo16/src/sound.o
 .debug_macro   0x00004b19       0x90 ./IntegradorMayo16/src/uart176x.o
 .debug_macro   0x00004ba9       0x64 ./IntegradorMayo16/src/uart176x.o

.debug_line     0x00000000     0x47d8
 .debug_line    0x00000000      0x2b4 ./IntegradorMayo16/src/FW_Inicializaciones/FW_InitExpansion2.o
 .debug_line    0x000002b4      0x2db ./IntegradorMayo16/src/FW_Inicializaciones/FW_InitGPIOBaseBoard.o
 .debug_line    0x0000058f      0x379 ./IntegradorMayo16/src/FW_Inicializaciones/FW_InitKit_principal.o
 .debug_line    0x00000908      0x1e7 ./IntegradorMayo16/src/FW_Inicializaciones/FW_InitOscilador.o
 .debug_line    0x00000aef      0x2a0 ./IntegradorMayo16/src/FW_Drivers/FW_7Seg.o
 .debug_line    0x00000d8f      0x31e ./IntegradorMayo16/src/FW_Drivers/FW_GPIO.o
 .debug_line    0x000010ad      0x352 ./IntegradorMayo16/src/FW_Drivers/FW_LCD.o
 .debug_line    0x000013ff      0x2a8 ./IntegradorMayo16/src/FW_Drivers/FW_Systick.o
 .debug_line    0x000016a7      0x305 ./IntegradorMayo16/src/FW_Drivers/FW_Timers.o
 .debug_line    0x000019ac      0x312 ./IntegradorMayo16/src/FW_Drivers/KitInfo2FW_Teclado.o
 .debug_line    0x00001cbe      0x2b1 ./IntegradorMayo16/src/FW_Drivers/PR_7Seg.o
 .debug_line    0x00001f6f       0xed ./IntegradorMayo16/src/FW_Drivers/cr_startup_lpc176x.o
 .debug_line    0x0000205c      0x312 ./IntegradorMayo16/src/IntegradorMayo16.o
 .debug_line    0x0000236e     0x172f ./IntegradorMayo16/src/ff.o
 .debug_line    0x00003a9d      0x17c ./IntegradorMayo16/src/ffunicode.o
 .debug_line    0x00003c19      0x5e6 ./IntegradorMayo16/src/mmc_ssp.o
 .debug_line    0x000041ff      0x39d ./IntegradorMayo16/src/sound.o
 .debug_line    0x0000459c      0x23c ./IntegradorMayo16/src/uart176x.o

.debug_str      0x00000000    0x147dd
 .debug_str     0x00000000     0xf9ca ./IntegradorMayo16/src/FW_Inicializaciones/FW_InitExpansion2.o
                               0xfa7c (size before relaxing)
 .debug_str     0x0000f9ca       0x78 ./IntegradorMayo16/src/FW_Inicializaciones/FW_InitGPIOBaseBoard.o
                               0xfa9e (size before relaxing)
 .debug_str     0x0000fa42      0x10d ./IntegradorMayo16/src/FW_Inicializaciones/FW_InitKit_principal.o
                               0xfb7d (size before relaxing)
 .debug_str     0x0000fb4f       0x47 ./IntegradorMayo16/src/FW_Inicializaciones/FW_InitOscilador.o
                               0xe311 (size before relaxing)
 .debug_str     0x0000fb96       0x5f ./IntegradorMayo16/src/FW_Drivers/FW_7Seg.o
                               0xfa85 (size before relaxing)
 .debug_str     0x0000fbf5       0x97 ./IntegradorMayo16/src/FW_Drivers/FW_GPIO.o
                               0xfaed (size before relaxing)
 .debug_str     0x0000fc8c       0xfb ./IntegradorMayo16/src/FW_Drivers/FW_LCD.o
                               0xe6a1 (size before relaxing)
 .debug_str     0x0000fd87       0x5f ./IntegradorMayo16/src/FW_Drivers/FW_Systick.o
                               0xfaa7 (size before relaxing)
 .debug_str     0x0000fde6      0x1a7 ./IntegradorMayo16/src/FW_Drivers/FW_Timers.o
                               0xfbfb (size before relaxing)
 .debug_str     0x0000ff8d       0x8b ./IntegradorMayo16/src/FW_Drivers/KitInfo2FW_Teclado.o
                               0xfad2 (size before relaxing)
 .debug_str     0x00010018       0x4f ./IntegradorMayo16/src/FW_Drivers/PR_7Seg.o
                               0xfb11 (size before relaxing)
 .debug_str     0x00010067      0x1ce ./IntegradorMayo16/src/FW_Drivers/cr_startup_lpc176x.o
                               0x26a3 (size before relaxing)
 .debug_str     0x00010235      0x222 ./IntegradorMayo16/src/IntegradorMayo16.o
                               0xfdc7 (size before relaxing)
 .debug_str     0x00010457     0x3b05 ./IntegradorMayo16/src/ff.o
                               0x69de (size before relaxing)
 .debug_str     0x00013f5c       0x97 ./IntegradorMayo16/src/ffunicode.o
                               0x2adb (size before relaxing)
 .debug_str     0x00013ff3      0x460 ./IntegradorMayo16/src/mmc_ssp.o
                               0xe608 (size before relaxing)
 .debug_str     0x00014453      0x192 ./IntegradorMayo16/src/sound.o
                               0xe8f7 (size before relaxing)
 .debug_str     0x000145e5      0x1f8 ./IntegradorMayo16/src/uart176x.o
                               0xe225 (size before relaxing)

.comment        0x00000000       0xdc
 .comment       0x00000000       0x6e ./IntegradorMayo16/src/FW_Inicializaciones/FW_InitExpansion2.o
                                 0x6f (size before relaxing)
 .comment       0x0000006e       0x6f ./IntegradorMayo16/src/FW_Inicializaciones/FW_InitGPIOBaseBoard.o
 .comment       0x0000006e       0x6f ./IntegradorMayo16/src/FW_Inicializaciones/FW_InitKit_principal.o
 .comment       0x0000006e       0x6f ./IntegradorMayo16/src/FW_Inicializaciones/FW_InitOscilador.o
 .comment       0x0000006e       0x6f ./IntegradorMayo16/src/FW_Drivers/FW_7Seg.o
 .comment       0x0000006e       0x6f ./IntegradorMayo16/src/FW_Drivers/FW_GPIO.o
 .comment       0x0000006e       0x6f ./IntegradorMayo16/src/FW_Drivers/FW_LCD.o
 .comment       0x0000006e       0x6f ./IntegradorMayo16/src/FW_Drivers/FW_Systick.o
 .comment       0x0000006e       0x6f ./IntegradorMayo16/src/FW_Drivers/FW_Timers.o
 .comment       0x0000006e       0x6f ./IntegradorMayo16/src/FW_Drivers/KitInfo2FW_Teclado.o
 .comment       0x0000006e       0x6f ./IntegradorMayo16/src/FW_Drivers/PR_7Seg.o
 .comment       0x0000006e       0x6f ./IntegradorMayo16/src/FW_Drivers/cr_startup_lpc176x.o
 .comment       0x0000006e       0x6f ./IntegradorMayo16/src/IntegradorMayo16.o
 .comment       0x0000006e       0x6f ./IntegradorMayo16/src/ff.o
 .comment       0x0000006e       0x6f ./IntegradorMayo16/src/ffunicode.o
 .comment       0x0000006e       0x6f ./IntegradorMayo16/src/mmc_ssp.o
 .comment       0x0000006e       0x6f ./IntegradorMayo16/src/sound.o
 .comment       0x0000006e       0x6f ./IntegradorMayo16/src/uart176x.o
 .comment       0x0000006e       0x6e c:/nxp/lpcxpresso_8.2.2_650/lpcxpresso/tools/bin/../lib/gcc/arm-none-eabi/5.4.1/../../../../arm-none-eabi/lib/armv7-m\libcr_c.a(__weak__main.o)
                                 0x6f (size before relaxing)
 .comment       0x000000dc       0x6f c:/nxp/lpcxpresso_8.2.2_650/lpcxpresso/tools/bin/../lib/gcc/arm-none-eabi/5.4.1/../../../../arm-none-eabi/lib/armv7-m\libcr_c.a(strcpy.o)

.ARM.attributes
                0x00000000       0x33
 .ARM.attributes
                0x00000000       0x33 ./IntegradorMayo16/src/FW_Inicializaciones/FW_InitExpansion2.o
 .ARM.attributes
                0x00000033       0x33 ./IntegradorMayo16/src/FW_Inicializaciones/FW_InitGPIOBaseBoard.o
 .ARM.attributes
                0x00000066       0x33 ./IntegradorMayo16/src/FW_Inicializaciones/FW_InitKit_principal.o
 .ARM.attributes
                0x00000099       0x33 ./IntegradorMayo16/src/FW_Inicializaciones/FW_InitOscilador.o
 .ARM.attributes
                0x000000cc       0x33 ./IntegradorMayo16/src/FW_Drivers/FW_7Seg.o
 .ARM.attributes
                0x000000ff       0x33 ./IntegradorMayo16/src/FW_Drivers/FW_GPIO.o
 .ARM.attributes
                0x00000132       0x33 ./IntegradorMayo16/src/FW_Drivers/FW_LCD.o
 .ARM.attributes
                0x00000165       0x33 ./IntegradorMayo16/src/FW_Drivers/FW_Systick.o
 .ARM.attributes
                0x00000198       0x33 ./IntegradorMayo16/src/FW_Drivers/FW_Timers.o
 .ARM.attributes
                0x000001cb       0x33 ./IntegradorMayo16/src/FW_Drivers/KitInfo2FW_Teclado.o
 .ARM.attributes
                0x000001fe       0x33 ./IntegradorMayo16/src/FW_Drivers/PR_7Seg.o
 .ARM.attributes
                0x00000231       0x33 ./IntegradorMayo16/src/FW_Drivers/cr_startup_lpc176x.o
 .ARM.attributes
                0x00000264       0x33 ./IntegradorMayo16/src/IntegradorMayo16.o
 .ARM.attributes
                0x00000297       0x33 ./IntegradorMayo16/src/ff.o
 .ARM.attributes
                0x000002ca       0x33 ./IntegradorMayo16/src/ffunicode.o
 .ARM.attributes
                0x000002fd       0x33 ./IntegradorMayo16/src/mmc_ssp.o
 .ARM.attributes
                0x00000330       0x33 ./IntegradorMayo16/src/sound.o
 .ARM.attributes
                0x00000363       0x33 ./IntegradorMayo16/src/uart176x.o
 .ARM.attributes
                0x00000396       0x33 c:/nxp/lpcxpresso_8.2.2_650/lpcxpresso/tools/bin/../lib/gcc/arm-none-eabi/5.4.1/../../../../arm-none-eabi/lib/armv7-m\libcr_c.a(__weak__main.o)
 .ARM.attributes
                0x000003c9       0x33 c:/nxp/lpcxpresso_8.2.2_650/lpcxpresso/tools/bin/../lib/gcc/arm-none-eabi/5.4.1/../../../../arm-none-eabi/lib/armv7-m\libcr_c.a(strcpy.o)

.debug_frame    0x00000000     0x16cc
 .debug_frame   0x00000000       0x2c ./IntegradorMayo16/src/FW_Inicializaciones/FW_InitExpansion2.o
 .debug_frame   0x0000002c       0x64 ./IntegradorMayo16/src/FW_Inicializaciones/FW_InitGPIOBaseBoard.o
 .debug_frame   0x00000090      0x11c ./IntegradorMayo16/src/FW_Inicializaciones/FW_InitKit_principal.o
 .debug_frame   0x000001ac       0x30 ./IntegradorMayo16/src/FW_Inicializaciones/FW_InitOscilador.o
 .debug_frame   0x000001dc       0x34 ./IntegradorMayo16/src/FW_Drivers/FW_7Seg.o
 .debug_frame   0x00000210      0x150 ./IntegradorMayo16/src/FW_Drivers/FW_GPIO.o
 .debug_frame   0x00000360      0x1e4 ./IntegradorMayo16/src/FW_Drivers/FW_LCD.o
 .debug_frame   0x00000544       0x2c ./IntegradorMayo16/src/FW_Drivers/FW_Systick.o
 .debug_frame   0x00000570       0xa4 ./IntegradorMayo16/src/FW_Drivers/FW_Timers.o
 .debug_frame   0x00000614       0xa8 ./IntegradorMayo16/src/FW_Drivers/KitInfo2FW_Teclado.o
 .debug_frame   0x000006bc       0x38 ./IntegradorMayo16/src/FW_Drivers/PR_7Seg.o
 .debug_frame   0x000006f4      0x170 ./IntegradorMayo16/src/FW_Drivers/cr_startup_lpc176x.o
 .debug_frame   0x00000864       0x54 ./IntegradorMayo16/src/IntegradorMayo16.o
 .debug_frame   0x000008b8      0x9a0 ./IntegradorMayo16/src/ff.o
 .debug_frame   0x00001258       0x88 ./IntegradorMayo16/src/ffunicode.o
 .debug_frame   0x000012e0      0x274 ./IntegradorMayo16/src/mmc_ssp.o
 .debug_frame   0x00001554       0xb0 ./IntegradorMayo16/src/sound.o
 .debug_frame   0x00001604       0xc8 ./IntegradorMayo16/src/uart176x.o
